Microchip Technology Inc, v1.25 (A)

Tool Name:
  /Applications/microchip/xc16/v1.25/bin/bin/../bin/elf-ld

Command:
  -p33EV256GM102 \
  -o \
  dist/default/debug/Joshua_dsPIC33EV256GM102ISP_FFT_Simulation_V3.X.debug.elf \
  -L/Applications/microchip/xc16/v1.25/bin/bin/.. \
  -L/Applications/microchip/xc16/v1.25/bin/bin/../../lib \
  -L/Applications/microchip/xc16/v1.25/bin/bin/../../support/PIC24E/gld \
  -L/Applications/microchip/xc16/v1.25/bin/bin/../../support/PIC24F/gld \
  -L/Applications/microchip/xc16/v1.25/bin/bin/../../support/PIC24H/gld \
  -L/Applications/microchip/xc16/v1.25/bin/bin/../../support/dsPIC30F/gld \
  -L/Applications/microchip/xc16/v1.25/bin/bin/../../support/dsPIC33E/gld \
  -L/Applications/microchip/xc16/v1.25/bin/bin/../../support/dsPIC33F/gld \
  build/default/debug/src/main_FFTExample.o \
  build/default/debug/src/twiddleFactors.o \
  build/default/debug/_ext/102761262/chan1_input_cosine40kHz.o \
  /Applications/microchip/xc16/v1.25/lib/libdsp-elf.a \
  --local-stack \
  --defsym=__MPLAB_BUILD=1 \
  --defsym=__MPLAB_DEBUG=1 \
  --defsym=__DEBUG=1 \
  --defsym=__MPLAB_DEBUGGER_SIMULATOR=1 \
  -Tp33EV256GM102.gld.00 \
  --stack=16 \
  --check-sections \
  --data-init \
  --pack-data \
  --handles \
  --isr \
  --no-gc-sections \
  --fill-upper=0 \
  --stackguard=16 \
  --no-force-link \
  --smart-io \
  -Map=dist/default/debug/Joshua_dsPIC33EV256GM102ISP_FFT_Simulation_V3.X.debug.map \
  --report-mem \
  --memorysummary \
  dist/default/debug/memoryfile.xml \
  -start-group \
  --library=lega-pic30-elf \
  --library=m-elf \
  --library=lega-c-elf \
  -end-group \

Archive member included because of file (symbol)

/Applications/microchip/xc16/v1.25/lib/libdsp-elf.a(ep_bitrev.obj)
                              build/default/debug/src/main_FFTExample.o (_BitReverseComplex)
/Applications/microchip/xc16/v1.25/lib/libdsp-elf.a(ep_cplxsqrmag.obj)
                              build/default/debug/src/main_FFTExample.o (_SquareMagnitudeCplx)
/Applications/microchip/xc16/v1.25/lib/libdsp-elf.a(ep_fft.obj)
                              build/default/debug/src/main_FFTExample.o (_FFTComplexIP)
/Applications/microchip/xc16/v1.25/lib/libdsp-elf.a(ep_stackguard.obj)
                              /Applications/microchip/xc16/v1.25/lib/libdsp-elf.a(ep_fft.obj) (_STACK_GUARD)
/Applications/microchip/xc16/v1.25/lib/libdsp-elf.a(ep_vmax.obj)
                              build/default/debug/src/main_FFTExample.o (_VectorMax)

Optional library libp33EV256GM102.a not found
/Applications/microchip/xc16/v1.25/bin/bin/../../lib/liblega-pic30-elf.a(crt0_extendedep.o)
                              (__resetPRI)
/Applications/microchip/xc16/v1.25/bin/bin/../../lib/liblega-pic30-elf.a(data_init_extendedep.o)
                              /Applications/microchip/xc16/v1.25/bin/bin/../../lib/liblega-pic30-elf.a(crt0_extendedep.o) (__data_init_extended)


xc16-ld 1.25 (A)

Program Memory  [Origin = 0x200, Length = 0x2a980]

section                    address   length (PC units)   length (bytes) (dec)
-------                    -------   -----------------   --------------------
.text                        0x200               0x272           0x3ab  (939)
.text                        0x472                0x96            0xe1  (225)
.const                       0x600               0x200           0x300  (768)
.dinit                       0x800               0x2c2           0x423  (1059)

                     Total program memory used (bytes):          0xbaf  (2991) 1%


Data Memory  [Origin = 0x1000, Length = 0x4000]

section                    address      alignment gaps    total length  (dec)
-------                    -------      --------------    -------------------
.nbss                       0x1000                   0             0x6  (6)
.ydata                      0x4800                   0           0x400  (1024)
.data                       0x4c00                   0             0x2  (2)

                        Total data memory used (bytes):          0x408  (1032) 6%


Dynamic Memory Usage

region                     address                      maximum length  (dec)
------                     -------                      ---------------------
heap                             0                                   0  (0)
stack                       0x1006                              0x37fa  (14330)

                        Maximum dynamic memory (bytes):         0x37fa  (14330)


External Symbols in Data Memory (by address):

                    0x1000                  _peakFrequencyBin
                    0x1002                  _peakFrequency
                    0x4800                  _sigCmpx
                    0x4c00                  _STACK_GUARD

External Symbols in Data Memory (by name):

                    0x4c00                  _STACK_GUARD
                    0x1002                  _peakFrequency
                    0x1000                  _peakFrequencyBin
[...]
Memory Configuration

Name             Origin             Length             Attributes
data             0x001000           0x004000           a !xr
reset            0x000000           0x000004  
ivt              0x000004           0x0001fc  
program          0x000200           0x02a980           xr
FSEC             0x02ab80           0x000002  
FBSLIM           0x02ab90           0x000002  
FOSCSEL          0x02ab98           0x000002  
FOSC             0x02ab9c           0x000002  
FWDT             0x02aba0           0x000002  
FPOR             0x02aba4           0x000002  
FICD             0x02aba8           0x000002  
FDMTINTVL        0x02abac           0x000002  
FDMTINTVH        0x02abb0           0x000002  
FDMTCNTL         0x02abb4           0x000002  
FDMTCNTH         0x02abb8           0x000002  
FDMT             0x02abbc           0x000002  
FDEVOPT          0x02abc0           0x000002  
FALTREG          0x02abc4           0x000002  
*default*        0x000000           0xffffffff  

Linker script and memory map

LOAD build/default/debug/src/main_FFTExample.o
LOAD build/default/debug/src/twiddleFactors.o
LOAD build/default/debug/_ext/102761262/chan1_input_cosine40kHz.o
LOAD /Applications/microchip/xc16/v1.25/lib/libdsp-elf.a
                    0x0001                  __MPLAB_BUILD = 0x1
                    0x0001                  __MPLAB_DEBUG = 0x1
                    0x0001                  __DEBUG = 0x1
                    0x0001                  __MPLAB_DEBUGGER_SIMULATOR = 0x1
LOAD p33EV256GM102
LOAD /Applications/microchip/xc16/v1.25/bin/bin/../../lib/libfx-elf.a
                    0x2ab80                  __FSEC = 0x2ab80
                    0x2ab90                  __FBSLIM = 0x2ab90
                    0x2ab98                  __FOSCSEL = 0x2ab98
                    0x2ab9c                  __FOSC = 0x2ab9c
                    0x2aba0                  __FWDT = 0x2aba0
                    0x2aba4                  __FPOR = 0x2aba4
                    0x2aba8                  __FICD = 0x2aba8
                    0x2abac                  __FDMTINTVL = 0x2abac
                    0x2abb0                  __FDMTINTVH = 0x2abb0
                    0x2abb4                  __FDMTCNTL = 0x2abb4
                    0x2abb8                  __FDMTCNTH = 0x2abb8
                    0x2abbc                  __FDMT = 0x2abbc
                    0x2abc0                  __FDEVOPT = 0x2abc0
                    0x2abc4                  __FALTREG = 0x2abc4
                    0x0200                  __CODE_BASE = 0x200
                    0x2a980                  __CODE_LENGTH = 0x2a980
                    0x0004                  __IVT_BASE = 0x4
                    0x1000                  __DATA_BASE = 0x1000
                    0x4000                  __DATA_LENGTH = 0x4000
                    0x3000                  __YDATA_BASE = 0x3000

.reset            0x000000          0x4
                  0x000000          0x2 SHORT 0x200 ABSOLUTE (__reset)
                  0x000001          0x2 SHORT 0x4
                  0x000002          0x2 SHORT 0x0 ((ABSOLUTE (__reset) >> 0x10) & 0x7f)
                  0x000003          0x2 SHORT 0x0

.text             0x000200        0x272
 *(.init)
 .init            0x000200         0x38 /Applications/microchip/xc16/v1.25/bin/bin/../../lib/liblega-pic30-elf.a(crt0_extendedep.o)
                  0x000200                  __reset
                  0x000200                  __resetPRI
                  0x00022c                  __psv_init
 .init            0x000238         0x9a /Applications/microchip/xc16/v1.25/bin/bin/../../lib/liblega-pic30-elf.a(data_init_extendedep.o)
                  0x000238                  __data_init_extended
                  0x000238                  __data_init
 *(.user_init)
 *(.handle)
 *(.isr*)
 .isr             0x0002d2          0x4 default_isr
                  0x0002d2                  __DefaultInterrupt
 *(.libc)
 *(.libm)
 *(.libdsp)
 .libdsp          0x0002d6         0x3c /Applications/microchip/xc16/v1.25/lib/libdsp-elf.a(ep_bitrev.obj)
                  0x0002d6                  _BitReverseComplex
 .libdsp          0x000312         0x34 /Applications/microchip/xc16/v1.25/lib/libdsp-elf.a(ep_cplxsqrmag.obj)
                  0x000312                  _SquareMagnitudeCplx
 .libdsp          0x000346        0x10c /Applications/microchip/xc16/v1.25/lib/libdsp-elf.a(ep_fft.obj)
                  0x000346                  _FFTComplexIP
 .libdsp          0x000452         0x20 /Applications/microchip/xc16/v1.25/lib/libdsp-elf.a(ep_vmax.obj)
                  0x000452                  _VectorMax
 *(.lib*)

usercode
 *(usercode)

__FSEC
 *(__FSEC.sec*)

__FBSLIM
 *(__FBSLIM.sec*)

__FOSCSEL
 *(__FOSCSEL.sec*)

__FOSC
 *(__FOSC.sec*)

__FWDT
 *(__FWDT.sec*)

__FPOR
 *(__FPOR.sec*)

__FICD
 *(__FICD.sec*)

__FDMTINTVL
 *(__FDMTINTVL.sec*)

__FDMTINTVH
 *(__FDMTINTVH.sec*)

__FDMTCNTL
 *(__FDMTCNTL.sec*)

__FDMTCNTH
 *(__FDMTCNTH.sec*)

__FDMT
 *(__FDMT.sec*)

__FDEVOPT
 *(__FDEVOPT.sec*)

__FALTREG
 *(__FALTREG.sec*)

.comment
 *(.comment)

.debug_info       0x000000        0x5fe
 *(.debug_info)
 .debug_info      0x000000        0x299 build/default/debug/src/main_FFTExample.o
 .debug_info      0x000299        0x1ba build/default/debug/src/twiddleFactors.o
 .debug_info      0x000453        0x1ab build/default/debug/_ext/102761262/chan1_input_cosine40kHz.o
 *(.gnu.linkonce.wi.*)

.debug_abbrev     0x000000        0x1a0
 *(.debug_abbrev)
 .debug_abbrev    0x000000         0xc5 build/default/debug/src/main_FFTExample.o
 .debug_abbrev    0x0000c5         0x72 build/default/debug/src/twiddleFactors.o
 .debug_abbrev    0x000137         0x69 build/default/debug/_ext/102761262/chan1_input_cosine40kHz.o

.debug_line       0x000000        0x2a8
 *(.debug_line)
 .debug_line      0x000000        0x133 build/default/debug/src/main_FFTExample.o
 .debug_line      0x000133         0x88 build/default/debug/src/twiddleFactors.o
 .debug_line      0x0001bb         0xed build/default/debug/_ext/102761262/chan1_input_cosine40kHz.o

.debug_frame      0x000000         0x24
 *(.debug_frame)
 .debug_frame     0x000000         0x24 build/default/debug/src/main_FFTExample.o

.debug_str        0x000000         0x2e
 *(.debug_str)
 .debug_str       0x000000         0x2e build/default/debug/src/main_FFTExample.o

.debug_loc
 *(.debug_loc)

.debug_macinfo
 *(.debug_macinfo)

.debug_pubnames
                  0x000000         0x85
 *(.debug_pubnames)
 .debug_pubnames
                  0x000000         0x42 build/default/debug/src/main_FFTExample.o
 .debug_pubnames
                  0x000042         0x25 build/default/debug/src/twiddleFactors.o
 .debug_pubnames
                  0x000067         0x1e build/default/debug/_ext/102761262/chan1_input_cosine40kHz.o

.debug_ranges
 *(.debug_ranges)

.debug_aranges    0x000000         0x18
 *(.debug_aranges)
 .debug_aranges
                  0x000000         0x18 build/default/debug/src/main_FFTExample.o

.ivt              0x000004        0x186
                  0x000004          0x4 LONG 0x2d2 DEFINED (__OscillatorFail)?ABSOLUTE (__OscillatorFail):ABSOLUTE (__DefaultInterrupt)
                  0x000006          0x4 LONG 0x2d2 DEFINED (__AddressError)?ABSOLUTE (__AddressError):ABSOLUTE (__DefaultInterrupt)
                  0x000008          0x4 LONG 0x2d2 DEFINED (__HardTrapError)?ABSOLUTE (__HardTrapError):ABSOLUTE (__DefaultInterrupt)
                  0x00000a          0x4 LONG 0x2d2 DEFINED (__StackError)?ABSOLUTE (__StackError):ABSOLUTE (__DefaultInterrupt)
                  0x00000c          0x4 LONG 0x2d2 DEFINED (__MathError)?ABSOLUTE (__MathError):ABSOLUTE (__DefaultInterrupt)
                  0x00000e          0x4 LONG 0x2d2 DEFINED (__DMACError)?ABSOLUTE (__DMACError):ABSOLUTE (__DefaultInterrupt)
                  0x000010          0x4 LONG 0x2d2 DEFINED (__SoftTrapError)?ABSOLUTE (__SoftTrapError):ABSOLUTE (__DefaultInterrupt)
                  0x000012          0x4 LONG 0x2d2 DEFINED (__ReservedTrap7)?ABSOLUTE (__ReservedTrap7):ABSOLUTE (__DefaultInterrupt)
                  0x000014          0x4 LONG 0x2d2 DEFINED (__INT0Interrupt)?ABSOLUTE (__INT0Interrupt):ABSOLUTE (__DefaultInterrupt)
                  0x000016          0x4 LONG 0x2d2 DEFINED (__IC1Interrupt)?ABSOLUTE (__IC1Interrupt):ABSOLUTE (__DefaultInterrupt)
                  0x000018          0x4 LONG 0x2d2 DEFINED (__OC1Interrupt)?ABSOLUTE (__OC1Interrupt):ABSOLUTE (__DefaultInterrupt)
                  0x00001a          0x4 LONG 0x2d2 DEFINED (__T1Interrupt)?ABSOLUTE (__T1Interrupt):ABSOLUTE (__DefaultInterrupt)
                  0x00001c          0x4 LONG 0x2d2 DEFINED (__DMA0Interrupt)?ABSOLUTE (__DMA0Interrupt):ABSOLUTE (__DefaultInterrupt)
                  0x00001e          0x4 LONG 0x2d2 DEFINED (__IC2Interrupt)?ABSOLUTE (__IC2Interrupt):ABSOLUTE (__DefaultInterrupt)
                  0x000020          0x4 LONG 0x2d2 DEFINED (__OC2Interrupt)?ABSOLUTE (__OC2Interrupt):ABSOLUTE (__DefaultInterrupt)
                  0x000022          0x4 LONG 0x2d2 DEFINED (__T2Interrupt)?ABSOLUTE (__T2Interrupt):ABSOLUTE (__DefaultInterrupt)
                  0x000024          0x4 LONG 0x2d2 DEFINED (__T3Interrupt)?ABSOLUTE (__T3Interrupt):ABSOLUTE (__DefaultInterrupt)
                  0x000026          0x4 LONG 0x2d2 DEFINED (__SPI1ErrInterrupt)?ABSOLUTE (__SPI1ErrInterrupt):ABSOLUTE (__DefaultInterrupt)
                  0x000028          0x4 LONG 0x2d2 DEFINED (__SPI1Interrupt)?ABSOLUTE (__SPI1Interrupt):ABSOLUTE (__DefaultInterrupt)
                  0x00002a          0x4 LONG 0x2d2 DEFINED (__U1RXInterrupt)?ABSOLUTE (__U1RXInterrupt):ABSOLUTE (__DefaultInterrupt)
                  0x00002c          0x4 LONG 0x2d2 DEFINED (__U1TXInterrupt)?ABSOLUTE (__U1TXInterrupt):ABSOLUTE (__DefaultInterrupt)
                  0x00002e          0x4 LONG 0x2d2 DEFINED (__AD1Interrupt)?ABSOLUTE (__AD1Interrupt):ABSOLUTE (__DefaultInterrupt)
                  0x000030          0x4 LONG 0x2d2 DEFINED (__DMA1Interrupt)?ABSOLUTE (__DMA1Interrupt):ABSOLUTE (__DefaultInterrupt)
                  0x000032          0x4 LONG 0x2d2 DEFINED (__NVMInterrupt)?ABSOLUTE (__NVMInterrupt):ABSOLUTE (__DefaultInterrupt)
                  0x000034          0x4 LONG 0x2d2 DEFINED (__SI2C1Interrupt)?ABSOLUTE (__SI2C1Interrupt):ABSOLUTE (__DefaultInterrupt)
                  0x000036          0x4 LONG 0x2d2 DEFINED (__MI2C1Interrupt)?ABSOLUTE (__MI2C1Interrupt):ABSOLUTE (__DefaultInterrupt)
                  0x000038          0x4 LONG 0x2d2 DEFINED (__CMP1Interrupt)?ABSOLUTE (__CMP1Interrupt):ABSOLUTE (__DefaultInterrupt)
                  0x00003a          0x4 LONG 0x2d2 DEFINED (__CNInterrupt)?ABSOLUTE (__CNInterrupt):ABSOLUTE (__DefaultInterrupt)
                  0x00003c          0x4 LONG 0x2d2 DEFINED (__INT1Interrupt)?ABSOLUTE (__INT1Interrupt):ABSOLUTE (__DefaultInterrupt)
                  0x00003e          0x4 LONG 0x2d2 DEFINED (__Interrupt21)?ABSOLUTE (__Interrupt21):ABSOLUTE (__DefaultInterrupt)
                  0x000040          0x4 LONG 0x2d2 DEFINED (__Interrupt22)?ABSOLUTE (__Interrupt22):ABSOLUTE (__DefaultInterrupt)
                  0x000042          0x4 LONG 0x2d2 DEFINED (__Interrupt23)?ABSOLUTE (__Interrupt23):ABSOLUTE (__DefaultInterrupt)
                  0x000044          0x4 LONG 0x2d2 DEFINED (__DMA2Interrupt)?ABSOLUTE (__DMA2Interrupt):ABSOLUTE (__DefaultInterrupt)
                  0x000046          0x4 LONG 0x2d2 DEFINED (__OC3Interrupt)?ABSOLUTE (__OC3Interrupt):ABSOLUTE (__DefaultInterrupt)
                  0x000048          0x4 LONG 0x2d2 DEFINED (__OC4Interrupt)?ABSOLUTE (__OC4Interrupt):ABSOLUTE (__DefaultInterrupt)
                  0x00004a          0x4 LONG 0x2d2 DEFINED (__T4Interrupt)?ABSOLUTE (__T4Interrupt):ABSOLUTE (__DefaultInterrupt)
                  0x00004c          0x4 LONG 0x2d2 DEFINED (__T5Interrupt)?ABSOLUTE (__T5Interrupt):ABSOLUTE (__DefaultInterrupt)
                  0x00004e          0x4 LONG 0x2d2 DEFINED (__INT2Interrupt)?ABSOLUTE (__INT2Interrupt):ABSOLUTE (__DefaultInterrupt)
                  0x000050          0x4 LONG 0x2d2 DEFINED (__U2RXInterrupt)?ABSOLUTE (__U2RXInterrupt):ABSOLUTE (__DefaultInterrupt)
                  0x000052          0x4 LONG 0x2d2 DEFINED (__U2TXInterrupt)?ABSOLUTE (__U2TXInterrupt):ABSOLUTE (__DefaultInterrupt)
                  0x000054          0x4 LONG 0x2d2 DEFINED (__SPI2ErrInterrupt)?ABSOLUTE (__SPI2ErrInterrupt):ABSOLUTE (__DefaultInterrupt)
                  0x000056          0x4 LONG 0x2d2 DEFINED (__SPI2Interrupt)?ABSOLUTE (__SPI2Interrupt):ABSOLUTE (__DefaultInterrupt)
                  0x000058          0x4 LONG 0x2d2 DEFINED (__C1RxRdyInterrupt)?ABSOLUTE (__C1RxRdyInterrupt):ABSOLUTE (__DefaultInterrupt)
                  0x00005a          0x4 LONG 0x2d2 DEFINED (__C1Interrupt)?ABSOLUTE (__C1Interrupt):ABSOLUTE (__DefaultInterrupt)
                  0x00005c          0x4 LONG 0x2d2 DEFINED (__DMA3Interrupt)?ABSOLUTE (__DMA3Interrupt):ABSOLUTE (__DefaultInterrupt)
                  0x00005e          0x4 LONG 0x2d2 DEFINED (__IC3Interrupt)?ABSOLUTE (__IC3Interrupt):ABSOLUTE (__DefaultInterrupt)
                  0x000060          0x4 LONG 0x2d2 DEFINED (__IC4Interrupt)?ABSOLUTE (__IC4Interrupt):ABSOLUTE (__DefaultInterrupt)
                  0x000062          0x4 LONG 0x2d2 DEFINED (__Interrupt39)?ABSOLUTE (__Interrupt39):ABSOLUTE (__DefaultInterrupt)
                  0x000064          0x4 LONG 0x2d2 DEFINED (__Interrupt40)?ABSOLUTE (__Interrupt40):ABSOLUTE (__DefaultInterrupt)
                  0x000066          0x4 LONG 0x2d2 DEFINED (__Interrupt41)?ABSOLUTE (__Interrupt41):ABSOLUTE (__DefaultInterrupt)
                  0x000068          0x4 LONG 0x2d2 DEFINED (__Interrupt42)?ABSOLUTE (__Interrupt42):ABSOLUTE (__DefaultInterrupt)
                  0x00006a          0x4 LONG 0x2d2 DEFINED (__Interrupt43)?ABSOLUTE (__Interrupt43):ABSOLUTE (__DefaultInterrupt)
                  0x00006c          0x4 LONG 0x2d2 DEFINED (__Interrupt44)?ABSOLUTE (__Interrupt44):ABSOLUTE (__DefaultInterrupt)
                  0x00006e          0x4 LONG 0x2d2 DEFINED (__Interrupt45)?ABSOLUTE (__Interrupt45):ABSOLUTE (__DefaultInterrupt)
                  0x000070          0x4 LONG 0x2d2 DEFINED (__Interrupt46)?ABSOLUTE (__Interrupt46):ABSOLUTE (__DefaultInterrupt)
                  0x000072          0x4 LONG 0x2d2 DEFINED (__Interrupt47)?ABSOLUTE (__Interrupt47):ABSOLUTE (__DefaultInterrupt)
                  0x000074          0x4 LONG 0x2d2 DEFINED (__Interrupt48)?ABSOLUTE (__Interrupt48):ABSOLUTE (__DefaultInterrupt)
                  0x000076          0x4 LONG 0x2d2 DEFINED (__Interrupt49)?ABSOLUTE (__Interrupt49):ABSOLUTE (__DefaultInterrupt)
                  0x000078          0x4 LONG 0x2d2 DEFINED (__Interrupt50)?ABSOLUTE (__Interrupt50):ABSOLUTE (__DefaultInterrupt)
                  0x00007a          0x4 LONG 0x2d2 DEFINED (__Interrupt51)?ABSOLUTE (__Interrupt51):ABSOLUTE (__DefaultInterrupt)
                  0x00007c          0x4 LONG 0x2d2 DEFINED (__Interrupt52)?ABSOLUTE (__Interrupt52):ABSOLUTE (__DefaultInterrupt)
                  0x00007e          0x4 LONG 0x2d2 DEFINED (__Interrupt53)?ABSOLUTE (__Interrupt53):ABSOLUTE (__DefaultInterrupt)
                  0x000080          0x4 LONG 0x2d2 DEFINED (__Interrupt54)?ABSOLUTE (__Interrupt54):ABSOLUTE (__DefaultInterrupt)
                  0x000082          0x4 LONG 0x2d2 DEFINED (__Interrupt55)?ABSOLUTE (__Interrupt55):ABSOLUTE (__DefaultInterrupt)
                  0x000084          0x4 LONG 0x2d2 DEFINED (__Interrupt56)?ABSOLUTE (__Interrupt56):ABSOLUTE (__DefaultInterrupt)
                  0x000086          0x4 LONG 0x2d2 DEFINED (__PWMSpEventMatchInterrupt)?ABSOLUTE (__PWMSpEventMatchInterrupt):ABSOLUTE (__DefaultInterrupt)
                  0x000088          0x4 LONG 0x2d2 DEFINED (__Interrupt58)?ABSOLUTE (__Interrupt58):ABSOLUTE (__DefaultInterrupt)
                  0x00008a          0x4 LONG 0x2d2 DEFINED (__Interrupt59)?ABSOLUTE (__Interrupt59):ABSOLUTE (__DefaultInterrupt)
                  0x00008c          0x4 LONG 0x2d2 DEFINED (__Interrupt60)?ABSOLUTE (__Interrupt60):ABSOLUTE (__DefaultInterrupt)
                  0x00008e          0x4 LONG 0x2d2 DEFINED (__Interrupt61)?ABSOLUTE (__Interrupt61):ABSOLUTE (__DefaultInterrupt)
                  0x000090          0x4 LONG 0x2d2 DEFINED (__Interrupt62)?ABSOLUTE (__Interrupt62):ABSOLUTE (__DefaultInterrupt)
                  0x000092          0x4 LONG 0x2d2 DEFINED (__Interrupt63)?ABSOLUTE (__Interrupt63):ABSOLUTE (__DefaultInterrupt)
                  0x000094          0x4 LONG 0x2d2 DEFINED (__Interrupt64)?ABSOLUTE (__Interrupt64):ABSOLUTE (__DefaultInterrupt)
                  0x000096          0x4 LONG 0x2d2 DEFINED (__U1ErrInterrupt)?ABSOLUTE (__U1ErrInterrupt):ABSOLUTE (__DefaultInterrupt)
                  0x000098          0x4 LONG 0x2d2 DEFINED (__U2ErrInterrupt)?ABSOLUTE (__U2ErrInterrupt):ABSOLUTE (__DefaultInterrupt)
                  0x00009a          0x4 LONG 0x2d2 DEFINED (__Interrupt67)?ABSOLUTE (__Interrupt67):ABSOLUTE (__DefaultInterrupt)
                  0x00009c          0x4 LONG 0x2d2 DEFINED (__Interrupt68)?ABSOLUTE (__Interrupt68):ABSOLUTE (__DefaultInterrupt)
                  0x00009e          0x4 LONG 0x2d2 DEFINED (__Interrupt69)?ABSOLUTE (__Interrupt69):ABSOLUTE (__DefaultInterrupt)
                  0x0000a0          0x4 LONG 0x2d2 DEFINED (__C1TXInterrupt)?ABSOLUTE (__C1TXInterrupt):ABSOLUTE (__DefaultInterrupt)
                  0x0000a2          0x4 LONG 0x2d2 DEFINED (__Interrupt71)?ABSOLUTE (__Interrupt71):ABSOLUTE (__DefaultInterrupt)
                  0x0000a4          0x4 LONG 0x2d2 DEFINED (__Interrupt72)?ABSOLUTE (__Interrupt72):ABSOLUTE (__DefaultInterrupt)
                  0x0000a6          0x4 LONG 0x2d2 DEFINED (__Interrupt73)?ABSOLUTE (__Interrupt73):ABSOLUTE (__DefaultInterrupt)
                  0x0000a8          0x4 LONG 0x2d2 DEFINED (__Interrupt74)?ABSOLUTE (__Interrupt74):ABSOLUTE (__DefaultInterrupt)
                  0x0000aa          0x4 LONG 0x2d2 DEFINED (__Interrupt75)?ABSOLUTE (__Interrupt75):ABSOLUTE (__DefaultInterrupt)
                  0x0000ac          0x4 LONG 0x2d2 DEFINED (__Interrupt76)?ABSOLUTE (__Interrupt76):ABSOLUTE (__DefaultInterrupt)
                  0x0000ae          0x4 LONG 0x2d2 DEFINED (__CTMUInterrupt)?ABSOLUTE (__CTMUInterrupt):ABSOLUTE (__DefaultInterrupt)
                  0x0000b0          0x4 LONG 0x2d2 DEFINED (__Interrupt78)?ABSOLUTE (__Interrupt78):ABSOLUTE (__DefaultInterrupt)
                  0x0000b2          0x4 LONG 0x2d2 DEFINED (__Interrupt79)?ABSOLUTE (__Interrupt79):ABSOLUTE (__DefaultInterrupt)
                  0x0000b4          0x4 LONG 0x2d2 DEFINED (__Interrupt80)?ABSOLUTE (__Interrupt80):ABSOLUTE (__DefaultInterrupt)
                  0x0000b6          0x4 LONG 0x2d2 DEFINED (__Interrupt81)?ABSOLUTE (__Interrupt81):ABSOLUTE (__DefaultInterrupt)
                  0x0000b8          0x4 LONG 0x2d2 DEFINED (__Interrupt82)?ABSOLUTE (__Interrupt82):ABSOLUTE (__DefaultInterrupt)
                  0x0000ba          0x4 LONG 0x2d2 DEFINED (__Interrupt83)?ABSOLUTE (__Interrupt83):ABSOLUTE (__DefaultInterrupt)
                  0x0000bc          0x4 LONG 0x2d2 DEFINED (__Interrupt84)?ABSOLUTE (__Interrupt84):ABSOLUTE (__DefaultInterrupt)
                  0x0000be          0x4 LONG 0x2d2 DEFINED (__Interrupt85)?ABSOLUTE (__Interrupt85):ABSOLUTE (__DefaultInterrupt)
                  0x0000c0          0x4 LONG 0x2d2 DEFINED (__Interrupt86)?ABSOLUTE (__Interrupt86):ABSOLUTE (__DefaultInterrupt)
                  0x0000c2          0x4 LONG 0x2d2 DEFINED (__Interrupt87)?ABSOLUTE (__Interrupt87):ABSOLUTE (__DefaultInterrupt)
                  0x0000c4          0x4 LONG 0x2d2 DEFINED (__Interrupt88)?ABSOLUTE (__Interrupt88):ABSOLUTE (__DefaultInterrupt)
                  0x0000c6          0x4 LONG 0x2d2 DEFINED (__Interrupt89)?ABSOLUTE (__Interrupt89):ABSOLUTE (__DefaultInterrupt)
                  0x0000c8          0x4 LONG 0x2d2 DEFINED (__Interrupt90)?ABSOLUTE (__Interrupt90):ABSOLUTE (__DefaultInterrupt)
                  0x0000ca          0x4 LONG 0x2d2 DEFINED (__Interrupt91)?ABSOLUTE (__Interrupt91):ABSOLUTE (__DefaultInterrupt)
                  0x0000cc          0x4 LONG 0x2d2 DEFINED (__Interrupt92)?ABSOLUTE (__Interrupt92):ABSOLUTE (__DefaultInterrupt)
                  0x0000ce          0x4 LONG 0x2d2 DEFINED (__Interrupt93)?ABSOLUTE (__Interrupt93):ABSOLUTE (__DefaultInterrupt)
                  0x0000d0          0x4 LONG 0x2d2 DEFINED (__PWM1Interrupt)?ABSOLUTE (__PWM1Interrupt):ABSOLUTE (__DefaultInterrupt)
                  0x0000d2          0x4 LONG 0x2d2 DEFINED (__PWM2Interrupt)?ABSOLUTE (__PWM2Interrupt):ABSOLUTE (__DefaultInterrupt)
                  0x0000d4          0x4 LONG 0x2d2 DEFINED (__PWM3Interrupt)?ABSOLUTE (__PWM3Interrupt):ABSOLUTE (__DefaultInterrupt)
                  0x0000d6          0x4 LONG 0x2d2 DEFINED (__Interrupt97)?ABSOLUTE (__Interrupt97):ABSOLUTE (__DefaultInterrupt)
                  0x0000d8          0x4 LONG 0x2d2 DEFINED (__Interrupt98)?ABSOLUTE (__Interrupt98):ABSOLUTE (__DefaultInterrupt)
                  0x0000da          0x4 LONG 0x2d2 DEFINED (__Interrupt99)?ABSOLUTE (__Interrupt99):ABSOLUTE (__DefaultInterrupt)
                  0x0000dc          0x4 LONG 0x2d2 DEFINED (__Interrupt100)?ABSOLUTE (__Interrupt100):ABSOLUTE (__DefaultInterrupt)
                  0x0000de          0x4 LONG 0x2d2 DEFINED (__Interrupt101)?ABSOLUTE (__Interrupt101):ABSOLUTE (__DefaultInterrupt)
                  0x0000e0          0x4 LONG 0x2d2 DEFINED (__Interrupt102)?ABSOLUTE (__Interrupt102):ABSOLUTE (__DefaultInterrupt)
                  0x0000e2          0x4 LONG 0x2d2 DEFINED (__Interrupt103)?ABSOLUTE (__Interrupt103):ABSOLUTE (__DefaultInterrupt)
                  0x0000e4          0x4 LONG 0x2d2 DEFINED (__Interrupt104)?ABSOLUTE (__Interrupt104):ABSOLUTE (__DefaultInterrupt)
                  0x0000e6          0x4 LONG 0x2d2 DEFINED (__Interrupt105)?ABSOLUTE (__Interrupt105):ABSOLUTE (__DefaultInterrupt)
                  0x0000e8          0x4 LONG 0x2d2 DEFINED (__Interrupt106)?ABSOLUTE (__Interrupt106):ABSOLUTE (__DefaultInterrupt)
                  0x0000ea          0x4 LONG 0x2d2 DEFINED (__Interrupt107)?ABSOLUTE (__Interrupt107):ABSOLUTE (__DefaultInterrupt)
                  0x0000ec          0x4 LONG 0x2d2 DEFINED (__Interrupt108)?ABSOLUTE (__Interrupt108):ABSOLUTE (__DefaultInterrupt)
                  0x0000ee          0x4 LONG 0x2d2 DEFINED (__Interrupt109)?ABSOLUTE (__Interrupt109):ABSOLUTE (__DefaultInterrupt)
                  0x0000f0          0x4 LONG 0x2d2 DEFINED (__Interrupt110)?ABSOLUTE (__Interrupt110):ABSOLUTE (__DefaultInterrupt)
                  0x0000f2          0x4 LONG 0x2d2 DEFINED (__Interrupt111)?ABSOLUTE (__Interrupt111):ABSOLUTE (__DefaultInterrupt)
                  0x0000f4          0x4 LONG 0x2d2 DEFINED (__Interrupt112)?ABSOLUTE (__Interrupt112):ABSOLUTE (__DefaultInterrupt)
                  0x0000f6          0x4 LONG 0x2d2 DEFINED (__Interrupt113)?ABSOLUTE (__Interrupt113):ABSOLUTE (__DefaultInterrupt)
                  0x0000f8          0x4 LONG 0x2d2 DEFINED (__Interrupt114)?ABSOLUTE (__Interrupt114):ABSOLUTE (__DefaultInterrupt)
                  0x0000fa          0x4 LONG 0x2d2 DEFINED (__Interrupt115)?ABSOLUTE (__Interrupt115):ABSOLUTE (__DefaultInterrupt)
                  0x0000fc          0x4 LONG 0x2d2 DEFINED (__Interrupt116)?ABSOLUTE (__Interrupt116):ABSOLUTE (__DefaultInterrupt)
                  0x0000fe          0x4 LONG 0x2d2 DEFINED (__Interrupt117)?ABSOLUTE (__Interrupt117):ABSOLUTE (__DefaultInterrupt)
                  0x000100          0x4 LONG 0x2d2 DEFINED (__Interrupt118)?ABSOLUTE (__Interrupt118):ABSOLUTE (__DefaultInterrupt)
                  0x000102          0x4 LONG 0x2d2 DEFINED (__Interrupt119)?ABSOLUTE (__Interrupt119):ABSOLUTE (__DefaultInterrupt)
                  0x000104          0x4 LONG 0x2d2 DEFINED (__Interrupt120)?ABSOLUTE (__Interrupt120):ABSOLUTE (__DefaultInterrupt)
                  0x000106          0x4 LONG 0x2d2 DEFINED (__Interrupt121)?ABSOLUTE (__Interrupt121):ABSOLUTE (__DefaultInterrupt)
                  0x000108          0x4 LONG 0x2d2 DEFINED (__Interrupt122)?ABSOLUTE (__Interrupt122):ABSOLUTE (__DefaultInterrupt)
                  0x00010a          0x4 LONG 0x2d2 DEFINED (__Interrupt123)?ABSOLUTE (__Interrupt123):ABSOLUTE (__DefaultInterrupt)
                  0x00010c          0x4 LONG 0x2d2 DEFINED (__Interrupt124)?ABSOLUTE (__Interrupt124):ABSOLUTE (__DefaultInterrupt)
                  0x00010e          0x4 LONG 0x2d2 DEFINED (__Interrupt125)?ABSOLUTE (__Interrupt125):ABSOLUTE (__DefaultInterrupt)
                  0x000110          0x4 LONG 0x2d2 DEFINED (__Interrupt126)?ABSOLUTE (__Interrupt126):ABSOLUTE (__DefaultInterrupt)
                  0x000112          0x4 LONG 0x2d2 DEFINED (__Interrupt127)?ABSOLUTE (__Interrupt127):ABSOLUTE (__DefaultInterrupt)
                  0x000114          0x4 LONG 0x2d2 DEFINED (__Interrupt128)?ABSOLUTE (__Interrupt128):ABSOLUTE (__DefaultInterrupt)
                  0x000116          0x4 LONG 0x2d2 DEFINED (__Interrupt129)?ABSOLUTE (__Interrupt129):ABSOLUTE (__DefaultInterrupt)
                  0x000118          0x4 LONG 0x2d2 DEFINED (__Interrupt130)?ABSOLUTE (__Interrupt130):ABSOLUTE (__DefaultInterrupt)
                  0x00011a          0x4 LONG 0x2d2 DEFINED (__Interrupt131)?ABSOLUTE (__Interrupt131):ABSOLUTE (__DefaultInterrupt)
                  0x00011c          0x4 LONG 0x2d2 DEFINED (__Interrupt132)?ABSOLUTE (__Interrupt132):ABSOLUTE (__DefaultInterrupt)
                  0x00011e          0x4 LONG 0x2d2 DEFINED (__Interrupt133)?ABSOLUTE (__Interrupt133):ABSOLUTE (__DefaultInterrupt)
                  0x000120          0x4 LONG 0x2d2 DEFINED (__Interrupt134)?ABSOLUTE (__Interrupt134):ABSOLUTE (__DefaultInterrupt)
                  0x000122          0x4 LONG 0x2d2 DEFINED (__Interrupt135)?ABSOLUTE (__Interrupt135):ABSOLUTE (__DefaultInterrupt)
                  0x000124          0x4 LONG 0x2d2 DEFINED (__Interrupt136)?ABSOLUTE (__Interrupt136):ABSOLUTE (__DefaultInterrupt)
                  0x000126          0x4 LONG 0x2d2 DEFINED (__Interrupt137)?ABSOLUTE (__Interrupt137):ABSOLUTE (__DefaultInterrupt)
                  0x000128          0x4 LONG 0x2d2 DEFINED (__Interrupt138)?ABSOLUTE (__Interrupt138):ABSOLUTE (__DefaultInterrupt)
                  0x00012a          0x4 LONG 0x2d2 DEFINED (__Interrupt139)?ABSOLUTE (__Interrupt139):ABSOLUTE (__DefaultInterrupt)
                  0x00012c          0x4 LONG 0x2d2 DEFINED (__Interrupt140)?ABSOLUTE (__Interrupt140):ABSOLUTE (__DefaultInterrupt)
                  0x00012e          0x4 LONG 0x2d2 DEFINED (__Interrupt141)?ABSOLUTE (__Interrupt141):ABSOLUTE (__DefaultInterrupt)
                  0x000130          0x4 LONG 0x2d2 DEFINED (__ICDInterrupt)?ABSOLUTE (__ICDInterrupt):ABSOLUTE (__DefaultInterrupt)
                  0x000132          0x4 LONG 0x2d2 DEFINED (__Interrupt143)?ABSOLUTE (__Interrupt143):ABSOLUTE (__DefaultInterrupt)
                  0x000134          0x4 LONG 0x2d2 DEFINED (__Interrupt144)?ABSOLUTE (__Interrupt144):ABSOLUTE (__DefaultInterrupt)
                  0x000136          0x4 LONG 0x2d2 DEFINED (__Interrupt145)?ABSOLUTE (__Interrupt145):ABSOLUTE (__DefaultInterrupt)
                  0x000138          0x4 LONG 0x2d2 DEFINED (__Interrupt146)?ABSOLUTE (__Interrupt146):ABSOLUTE (__DefaultInterrupt)
                  0x00013a          0x4 LONG 0x2d2 DEFINED (__Interrupt147)?ABSOLUTE (__Interrupt147):ABSOLUTE (__DefaultInterrupt)
                  0x00013c          0x4 LONG 0x2d2 DEFINED (__Interrupt148)?ABSOLUTE (__Interrupt148):ABSOLUTE (__DefaultInterrupt)
                  0x00013e          0x4 LONG 0x2d2 DEFINED (__Interrupt149)?ABSOLUTE (__Interrupt149):ABSOLUTE (__DefaultInterrupt)
                  0x000140          0x4 LONG 0x2d2 DEFINED (__Interrupt150)?ABSOLUTE (__Interrupt150):ABSOLUTE (__DefaultInterrupt)
                  0x000142          0x4 LONG 0x2d2 DEFINED (__Interrupt151)?ABSOLUTE (__Interrupt151):ABSOLUTE (__DefaultInterrupt)
                  0x000144          0x4 LONG 0x2d2 DEFINED (__Interrupt152)?ABSOLUTE (__Interrupt152):ABSOLUTE (__DefaultInterrupt)
                  0x000146          0x4 LONG 0x2d2 DEFINED (__Interrupt153)?ABSOLUTE (__Interrupt153):ABSOLUTE (__DefaultInterrupt)
                  0x000148          0x4 LONG 0x2d2 DEFINED (__Interrupt154)?ABSOLUTE (__Interrupt154):ABSOLUTE (__DefaultInterrupt)
                  0x00014a          0x4 LONG 0x2d2 DEFINED (__Interrupt155)?ABSOLUTE (__Interrupt155):ABSOLUTE (__DefaultInterrupt)
                  0x00014c          0x4 LONG 0x2d2 DEFINED (__Interrupt156)?ABSOLUTE (__Interrupt156):ABSOLUTE (__DefaultInterrupt)
                  0x00014e          0x4 LONG 0x2d2 DEFINED (__Interrupt157)?ABSOLUTE (__Interrupt157):ABSOLUTE (__DefaultInterrupt)
                  0x000150          0x4 LONG 0x2d2 DEFINED (__Interrupt158)?ABSOLUTE (__Interrupt158):ABSOLUTE (__DefaultInterrupt)
                  0x000152          0x4 LONG 0x2d2 DEFINED (__Interrupt159)?ABSOLUTE (__Interrupt159):ABSOLUTE (__DefaultInterrupt)
                  0x000154          0x4 LONG 0x2d2 DEFINED (__Interrupt160)?ABSOLUTE (__Interrupt160):ABSOLUTE (__DefaultInterrupt)
                  0x000156          0x4 LONG 0x2d2 DEFINED (__Interrupt161)?ABSOLUTE (__Interrupt161):ABSOLUTE (__DefaultInterrupt)
                  0x000158          0x4 LONG 0x2d2 DEFINED (__Interrupt162)?ABSOLUTE (__Interrupt162):ABSOLUTE (__DefaultInterrupt)
                  0x00015a          0x4 LONG 0x2d2 DEFINED (__Interrupt163)?ABSOLUTE (__Interrupt163):ABSOLUTE (__DefaultInterrupt)
                  0x00015c          0x4 LONG 0x2d2 DEFINED (__Interrupt164)?ABSOLUTE (__Interrupt164):ABSOLUTE (__DefaultInterrupt)
                  0x00015e          0x4 LONG 0x2d2 DEFINED (__Interrupt165)?ABSOLUTE (__Interrupt165):ABSOLUTE (__DefaultInterrupt)
                  0x000160          0x4 LONG 0x2d2 DEFINED (__Interrupt166)?ABSOLUTE (__Interrupt166):ABSOLUTE (__DefaultInterrupt)
                  0x000162          0x4 LONG 0x2d2 DEFINED (__Interrupt167)?ABSOLUTE (__Interrupt167):ABSOLUTE (__DefaultInterrupt)
                  0x000164          0x4 LONG 0x2d2 DEFINED (__Interrupt168)?ABSOLUTE (__Interrupt168):ABSOLUTE (__DefaultInterrupt)
                  0x000166          0x4 LONG 0x2d2 DEFINED (__Interrupt169)?ABSOLUTE (__Interrupt169):ABSOLUTE (__DefaultInterrupt)
                  0x000168          0x4 LONG 0x2d2 DEFINED (__Interrupt170)?ABSOLUTE (__Interrupt170):ABSOLUTE (__DefaultInterrupt)
                  0x00016a          0x4 LONG 0x2d2 DEFINED (__Interrupt171)?ABSOLUTE (__Interrupt171):ABSOLUTE (__DefaultInterrupt)
                  0x00016c          0x4 LONG 0x2d2 DEFINED (__Interrupt172)?ABSOLUTE (__Interrupt172):ABSOLUTE (__DefaultInterrupt)
                  0x00016e          0x4 LONG 0x2d2 DEFINED (__I2C1Interrupt)?ABSOLUTE (__I2C1Interrupt):ABSOLUTE (__DefaultInterrupt)
                  0x000170          0x4 LONG 0x2d2 DEFINED (__Interrupt174)?ABSOLUTE (__Interrupt174):ABSOLUTE (__DefaultInterrupt)
                  0x000172          0x4 LONG 0x2d2 DEFINED (__Interrupt175)?ABSOLUTE (__Interrupt175):ABSOLUTE (__DefaultInterrupt)
                  0x000174          0x4 LONG 0x2d2 DEFINED (__Interrupt176)?ABSOLUTE (__Interrupt176):ABSOLUTE (__DefaultInterrupt)
                  0x000176          0x4 LONG 0x2d2 DEFINED (__Interrupt177)?ABSOLUTE (__Interrupt177):ABSOLUTE (__DefaultInterrupt)
                  0x000178          0x4 LONG 0x2d2 DEFINED (__Interrupt178)?ABSOLUTE (__Interrupt178):ABSOLUTE (__DefaultInterrupt)
                  0x00017a          0x4 LONG 0x2d2 DEFINED (__Interrupt179)?ABSOLUTE (__Interrupt179):ABSOLUTE (__DefaultInterrupt)
                  0x00017c          0x4 LONG 0x2d2 DEFINED (__Interrupt180)?ABSOLUTE (__Interrupt180):ABSOLUTE (__DefaultInterrupt)
                  0x00017e          0x4 LONG 0x2d2 DEFINED (__Interrupt181)?ABSOLUTE (__Interrupt181):ABSOLUTE (__DefaultInterrupt)
                  0x000180          0x4 LONG 0x2d2 DEFINED (__SENT1ERRInterrupt)?ABSOLUTE (__SENT1ERRInterrupt):ABSOLUTE (__DefaultInterrupt)
                  0x000182          0x4 LONG 0x2d2 DEFINED (__SENT1Interrupt)?ABSOLUTE (__SENT1Interrupt):ABSOLUTE (__DefaultInterrupt)
                  0x000184          0x4 LONG 0x2d2 DEFINED (__SENT2ERRInterrupt)?ABSOLUTE (__SENT2ERRInterrupt):ABSOLUTE (__DefaultInterrupt)
                  0x000186          0x4 LONG 0x2d2 DEFINED (__SENT2Interrupt)?ABSOLUTE (__SENT2Interrupt):ABSOLUTE (__DefaultInterrupt)
                  0x000188          0x4 LONG 0x2d2 DEFINED (__ECCSBEInterrupt)?ABSOLUTE (__ECCSBEInterrupt):ABSOLUTE (__DefaultInterrupt)

.aivt
                  0x000000          0x4 LONG 0x0
                  0x000000          0x4 LONG 0x0
                  0x000000          0x4 LONG 0x0 DEFINED (__AltOscillatorFail)?ABSOLUTE (__AltOscillatorFail):DEFINED (__OscillatorFail)?ABSOLUTE (__OscillatorFail):ABSOLUTE (__DefaultInterrupt)
                  0x000000          0x4 LONG 0x0 DEFINED (__AltAddressError)?ABSOLUTE (__AltAddressError):DEFINED (__AddressError)?ABSOLUTE (__AddressError):ABSOLUTE (__DefaultInterrupt)
                  0x000000          0x4 LONG 0x0 DEFINED (__AltHardTrapError)?ABSOLUTE (__AltHardTrapError):DEFINED (__HardTrapError)?ABSOLUTE (__HardTrapError):ABSOLUTE (__DefaultInterrupt)
                  0x000000          0x4 LONG 0x0 DEFINED (__AltStackError)?ABSOLUTE (__AltStackError):DEFINED (__StackError)?ABSOLUTE (__StackError):ABSOLUTE (__DefaultInterrupt)
                  0x000000          0x4 LONG 0x0 DEFINED (__AltMathError)?ABSOLUTE (__AltMathError):DEFINED (__MathError)?ABSOLUTE (__MathError):ABSOLUTE (__DefaultInterrupt)
                  0x000000          0x4 LONG 0x0 DEFINED (__AltDMACError)?ABSOLUTE (__AltDMACError):DEFINED (__DMACError)?ABSOLUTE (__DMACError):ABSOLUTE (__DefaultInterrupt)
                  0x000000          0x4 LONG 0x0 DEFINED (__AltSoftTrapError)?ABSOLUTE (__AltSoftTrapError):DEFINED (__SoftTrapError)?ABSOLUTE (__SoftTrapError):ABSOLUTE (__DefaultInterrupt)
                  0x000000          0x4 LONG 0x0 DEFINED (__AltReservedTrap7)?ABSOLUTE (__AltReservedTrap7):DEFINED (__ReservedTrap7)?ABSOLUTE (__ReservedTrap7):ABSOLUTE (__DefaultInterrupt)
                  0x000000          0x4 LONG 0x0 DEFINED (__AltINT0Interrupt)?ABSOLUTE (__AltINT0Interrupt):DEFINED (__INT0Interrupt)?ABSOLUTE (__INT0Interrupt):ABSOLUTE (__DefaultInterrupt)
                  0x000000          0x4 LONG 0x0 DEFINED (__AltIC1Interrupt)?ABSOLUTE (__AltIC1Interrupt):DEFINED (__IC1Interrupt)?ABSOLUTE (__IC1Interrupt):ABSOLUTE (__DefaultInterrupt)
                  0x000000          0x4 LONG 0x0 DEFINED (__AltOC1Interrupt)?ABSOLUTE (__AltOC1Interrupt):DEFINED (__OC1Interrupt)?ABSOLUTE (__OC1Interrupt):ABSOLUTE (__DefaultInterrupt)
                  0x000000          0x4 LONG 0x0 DEFINED (__AltT1Interrupt)?ABSOLUTE (__AltT1Interrupt):DEFINED (__T1Interrupt)?ABSOLUTE (__T1Interrupt):ABSOLUTE (__DefaultInterrupt)
                  0x000000          0x4 LONG 0x0 DEFINED (__AltDMA0Interrupt)?ABSOLUTE (__AltDMA0Interrupt):DEFINED (__DMA0Interrupt)?ABSOLUTE (__DMA0Interrupt):ABSOLUTE (__DefaultInterrupt)
                  0x000000          0x4 LONG 0x0 DEFINED (__AltIC2Interrupt)?ABSOLUTE (__AltIC2Interrupt):DEFINED (__IC2Interrupt)?ABSOLUTE (__IC2Interrupt):ABSOLUTE (__DefaultInterrupt)
                  0x000000          0x4 LONG 0x0 DEFINED (__AltOC2Interrupt)?ABSOLUTE (__AltOC2Interrupt):DEFINED (__OC2Interrupt)?ABSOLUTE (__OC2Interrupt):ABSOLUTE (__DefaultInterrupt)
                  0x000000          0x4 LONG 0x0 DEFINED (__AltT2Interrupt)?ABSOLUTE (__AltT2Interrupt):DEFINED (__T2Interrupt)?ABSOLUTE (__T2Interrupt):ABSOLUTE (__DefaultInterrupt)
                  0x000000          0x4 LONG 0x0 DEFINED (__AltT3Interrupt)?ABSOLUTE (__AltT3Interrupt):DEFINED (__T3Interrupt)?ABSOLUTE (__T3Interrupt):ABSOLUTE (__DefaultInterrupt)
                  0x000000          0x4 LONG 0x0 DEFINED (__AltSPI1ErrInterrupt)?ABSOLUTE (__AltSPI1ErrInterrupt):DEFINED (__SPI1ErrInterrupt)?ABSOLUTE (__SPI1ErrInterrupt):ABSOLUTE (__DefaultInterrupt)
                  0x000000          0x4 LONG 0x0 DEFINED (__AltSPI1Interrupt)?ABSOLUTE (__AltSPI1Interrupt):DEFINED (__SPI1Interrupt)?ABSOLUTE (__SPI1Interrupt):ABSOLUTE (__DefaultInterrupt)
                  0x000000          0x4 LONG 0x0 DEFINED (__AltU1RXInterrupt)?ABSOLUTE (__AltU1RXInterrupt):DEFINED (__U1RXInterrupt)?ABSOLUTE (__U1RXInterrupt):ABSOLUTE (__DefaultInterrupt)
                  0x000000          0x4 LONG 0x0 DEFINED (__AltU1TXInterrupt)?ABSOLUTE (__AltU1TXInterrupt):DEFINED (__U1TXInterrupt)?ABSOLUTE (__U1TXInterrupt):ABSOLUTE (__DefaultInterrupt)
                  0x000000          0x4 LONG 0x0 DEFINED (__AltAD1Interrupt)?ABSOLUTE (__AltAD1Interrupt):DEFINED (__AD1Interrupt)?ABSOLUTE (__AD1Interrupt):ABSOLUTE (__DefaultInterrupt)
                  0x000000          0x4 LONG 0x0 DEFINED (__AltDMA1Interrupt)?ABSOLUTE (__AltDMA1Interrupt):DEFINED (__DMA1Interrupt)?ABSOLUTE (__DMA1Interrupt):ABSOLUTE (__DefaultInterrupt)
                  0x000000          0x4 LONG 0x0 DEFINED (__AltNVMInterrupt)?ABSOLUTE (__AltNVMInterrupt):DEFINED (__NVMInterrupt)?ABSOLUTE (__NVMInterrupt):ABSOLUTE (__DefaultInterrupt)
                  0x000000          0x4 LONG 0x0 DEFINED (__AltSI2C1Interrupt)?ABSOLUTE (__AltSI2C1Interrupt):DEFINED (__SI2C1Interrupt)?ABSOLUTE (__SI2C1Interrupt):ABSOLUTE (__DefaultInterrupt)
                  0x000000          0x4 LONG 0x0 DEFINED (__AltMI2C1Interrupt)?ABSOLUTE (__AltMI2C1Interrupt):DEFINED (__MI2C1Interrupt)?ABSOLUTE (__MI2C1Interrupt):ABSOLUTE (__DefaultInterrupt)
                  0x000000          0x4 LONG 0x0 DEFINED (__AltCMP1Interrupt)?ABSOLUTE (__AltCMP1Interrupt):DEFINED (__CMP1Interrupt)?ABSOLUTE (__CMP1Interrupt):ABSOLUTE (__DefaultInterrupt)
                  0x000000          0x4 LONG 0x0 DEFINED (__AltCNInterrupt)?ABSOLUTE (__AltCNInterrupt):DEFINED (__CNInterrupt)?ABSOLUTE (__CNInterrupt):ABSOLUTE (__DefaultInterrupt)
                  0x000000          0x4 LONG 0x0 DEFINED (__AltINT1Interrupt)?ABSOLUTE (__AltINT1Interrupt):DEFINED (__INT1Interrupt)?ABSOLUTE (__INT1Interrupt):ABSOLUTE (__DefaultInterrupt)
                  0x000000          0x4 LONG 0x0 DEFINED (__AltInterrupt21)?ABSOLUTE (__AltInterrupt21):DEFINED (__Interrupt21)?ABSOLUTE (__Interrupt21):ABSOLUTE (__DefaultInterrupt)
                  0x000000          0x4 LONG 0x0 DEFINED (__AltInterrupt22)?ABSOLUTE (__AltInterrupt22):DEFINED (__Interrupt22)?ABSOLUTE (__Interrupt22):ABSOLUTE (__DefaultInterrupt)
                  0x000000          0x4 LONG 0x0 DEFINED (__AltInterrupt23)?ABSOLUTE (__AltInterrupt23):DEFINED (__Interrupt23)?ABSOLUTE (__Interrupt23):ABSOLUTE (__DefaultInterrupt)
                  0x000000          0x4 LONG 0x0 DEFINED (__AltDMA2Interrupt)?ABSOLUTE (__AltDMA2Interrupt):DEFINED (__DMA2Interrupt)?ABSOLUTE (__DMA2Interrupt):ABSOLUTE (__DefaultInterrupt)
                  0x000000          0x4 LONG 0x0 DEFINED (__AltOC3Interrupt)?ABSOLUTE (__AltOC3Interrupt):DEFINED (__OC3Interrupt)?ABSOLUTE (__OC3Interrupt):ABSOLUTE (__DefaultInterrupt)
                  0x000000          0x4 LONG 0x0 DEFINED (__AltOC4Interrupt)?ABSOLUTE (__AltOC4Interrupt):DEFINED (__OC4Interrupt)?ABSOLUTE (__OC4Interrupt):ABSOLUTE (__DefaultInterrupt)
                  0x000000          0x4 LONG 0x0 DEFINED (__AltT4Interrupt)?ABSOLUTE (__AltT4Interrupt):DEFINED (__T4Interrupt)?ABSOLUTE (__T4Interrupt):ABSOLUTE (__DefaultInterrupt)
                  0x000000          0x4 LONG 0x0 DEFINED (__AltT5Interrupt)?ABSOLUTE (__AltT5Interrupt):DEFINED (__T5Interrupt)?ABSOLUTE (__T5Interrupt):ABSOLUTE (__DefaultInterrupt)
                  0x000000          0x4 LONG 0x0 DEFINED (__AltINT2Interrupt)?ABSOLUTE (__AltINT2Interrupt):DEFINED (__INT2Interrupt)?ABSOLUTE (__INT2Interrupt):ABSOLUTE (__DefaultInterrupt)
                  0x000000          0x4 LONG 0x0 DEFINED (__AltU2RXInterrupt)?ABSOLUTE (__AltU2RXInterrupt):DEFINED (__U2RXInterrupt)?ABSOLUTE (__U2RXInterrupt):ABSOLUTE (__DefaultInterrupt)
                  0x000000          0x4 LONG 0x0 DEFINED (__AltU2TXInterrupt)?ABSOLUTE (__AltU2TXInterrupt):DEFINED (__U2TXInterrupt)?ABSOLUTE (__U2TXInterrupt):ABSOLUTE (__DefaultInterrupt)
                  0x000000          0x4 LONG 0x0 DEFINED (__AltSPI2ErrInterrupt)?ABSOLUTE (__AltSPI2ErrInterrupt):DEFINED (__SPI2ErrInterrupt)?ABSOLUTE (__SPI2ErrInterrupt):ABSOLUTE (__DefaultInterrupt)
                  0x000000          0x4 LONG 0x0 DEFINED (__AltSPI2Interrupt)?ABSOLUTE (__AltSPI2Interrupt):DEFINED (__SPI2Interrupt)?ABSOLUTE (__SPI2Interrupt):ABSOLUTE (__DefaultInterrupt)
                  0x000000          0x4 LONG 0x0 DEFINED (__AltC1RxRdyInterrupt)?ABSOLUTE (__AltC1RxRdyInterrupt):DEFINED (__C1RxRdyInterrupt)?ABSOLUTE (__C1RxRdyInterrupt):ABSOLUTE (__DefaultInterrupt)
                  0x000000          0x4 LONG 0x0 DEFINED (__AltC1Interrupt)?ABSOLUTE (__AltC1Interrupt):DEFINED (__C1Interrupt)?ABSOLUTE (__C1Interrupt):ABSOLUTE (__DefaultInterrupt)
                  0x000000          0x4 LONG 0x0 DEFINED (__AltDMA3Interrupt)?ABSOLUTE (__AltDMA3Interrupt):DEFINED (__DMA3Interrupt)?ABSOLUTE (__DMA3Interrupt):ABSOLUTE (__DefaultInterrupt)
                  0x000000          0x4 LONG 0x0 DEFINED (__AltIC3Interrupt)?ABSOLUTE (__AltIC3Interrupt):DEFINED (__IC3Interrupt)?ABSOLUTE (__IC3Interrupt):ABSOLUTE (__DefaultInterrupt)
                  0x000000          0x4 LONG 0x0 DEFINED (__AltIC4Interrupt)?ABSOLUTE (__AltIC4Interrupt):DEFINED (__IC4Interrupt)?ABSOLUTE (__IC4Interrupt):ABSOLUTE (__DefaultInterrupt)
                  0x000000          0x4 LONG 0x0 DEFINED (__AltInterrupt39)?ABSOLUTE (__AltInterrupt39):DEFINED (__Interrupt39)?ABSOLUTE (__Interrupt39):ABSOLUTE (__DefaultInterrupt)
                  0x000000          0x4 LONG 0x0 DEFINED (__AltInterrupt40)?ABSOLUTE (__AltInterrupt40):DEFINED (__Interrupt40)?ABSOLUTE (__Interrupt40):ABSOLUTE (__DefaultInterrupt)
                  0x000000          0x4 LONG 0x0 DEFINED (__AltInterrupt41)?ABSOLUTE (__AltInterrupt41):DEFINED (__Interrupt41)?ABSOLUTE (__Interrupt41):ABSOLUTE (__DefaultInterrupt)
                  0x000000          0x4 LONG 0x0 DEFINED (__AltInterrupt42)?ABSOLUTE (__AltInterrupt42):DEFINED (__Interrupt42)?ABSOLUTE (__Interrupt42):ABSOLUTE (__DefaultInterrupt)
                  0x000000          0x4 LONG 0x0 DEFINED (__AltInterrupt43)?ABSOLUTE (__AltInterrupt43):DEFINED (__Interrupt43)?ABSOLUTE (__Interrupt43):ABSOLUTE (__DefaultInterrupt)
                  0x000000          0x4 LONG 0x0 DEFINED (__AltInterrupt44)?ABSOLUTE (__AltInterrupt44):DEFINED (__Interrupt44)?ABSOLUTE (__Interrupt44):ABSOLUTE (__DefaultInterrupt)
                  0x000000          0x4 LONG 0x0 DEFINED (__AltInterrupt45)?ABSOLUTE (__AltInterrupt45):DEFINED (__Interrupt45)?ABSOLUTE (__Interrupt45):ABSOLUTE (__DefaultInterrupt)
                  0x000000          0x4 LONG 0x0 DEFINED (__AltInterrupt46)?ABSOLUTE (__AltInterrupt46):DEFINED (__Interrupt46)?ABSOLUTE (__Interrupt46):ABSOLUTE (__DefaultInterrupt)
                  0x000000          0x4 LONG 0x0 DEFINED (__AltInterrupt47)?ABSOLUTE (__AltInterrupt47):DEFINED (__Interrupt47)?ABSOLUTE (__Interrupt47):ABSOLUTE (__DefaultInterrupt)
                  0x000000          0x4 LONG 0x0 DEFINED (__AltInterrupt48)?ABSOLUTE (__AltInterrupt48):DEFINED (__Interrupt48)?ABSOLUTE (__Interrupt48):ABSOLUTE (__DefaultInterrupt)
                  0x000000          0x4 LONG 0x0 DEFINED (__AltInterrupt49)?ABSOLUTE (__AltInterrupt49):DEFINED (__Interrupt49)?ABSOLUTE (__Interrupt49):ABSOLUTE (__DefaultInterrupt)
                  0x000000          0x4 LONG 0x0 DEFINED (__AltInterrupt50)?ABSOLUTE (__AltInterrupt50):DEFINED (__Interrupt50)?ABSOLUTE (__Interrupt50):ABSOLUTE (__DefaultInterrupt)
                  0x000000          0x4 LONG 0x0 DEFINED (__AltInterrupt51)?ABSOLUTE (__AltInterrupt51):DEFINED (__Interrupt51)?ABSOLUTE (__Interrupt51):ABSOLUTE (__DefaultInterrupt)
                  0x000000          0x4 LONG 0x0 DEFINED (__AltInterrupt52)?ABSOLUTE (__AltInterrupt52):DEFINED (__Interrupt52)?ABSOLUTE (__Interrupt52):ABSOLUTE (__DefaultInterrupt)
                  0x000000          0x4 LONG 0x0 DEFINED (__AltInterrupt53)?ABSOLUTE (__AltInterrupt53):DEFINED (__Interrupt53)?ABSOLUTE (__Interrupt53):ABSOLUTE (__DefaultInterrupt)
                  0x000000          0x4 LONG 0x0 DEFINED (__AltInterrupt54)?ABSOLUTE (__AltInterrupt54):DEFINED (__Interrupt54)?ABSOLUTE (__Interrupt54):ABSOLUTE (__DefaultInterrupt)
                  0x000000          0x4 LONG 0x0 DEFINED (__AltInterrupt55)?ABSOLUTE (__AltInterrupt55):DEFINED (__Interrupt55)?ABSOLUTE (__Interrupt55):ABSOLUTE (__DefaultInterrupt)
                  0x000000          0x4 LONG 0x0 DEFINED (__AltInterrupt56)?ABSOLUTE (__AltInterrupt56):DEFINED (__Interrupt56)?ABSOLUTE (__Interrupt56):ABSOLUTE (__DefaultInterrupt)
                  0x000000          0x4 LONG 0x0 DEFINED (__AltPWMSpEventMatchInterrupt)?ABSOLUTE (__AltPWMSpEventMatchInterrupt):DEFINED (__PWMSpEventMatchInterrupt)?ABSOLUTE (__PWMSpEventMatchInterrupt):ABSOLUTE (__DefaultInterrupt)
                  0x000000          0x4 LONG 0x0 DEFINED (__AltInterrupt58)?ABSOLUTE (__AltInterrupt58):DEFINED (__Interrupt58)?ABSOLUTE (__Interrupt58):ABSOLUTE (__DefaultInterrupt)
                  0x000000          0x4 LONG 0x0 DEFINED (__AltInterrupt59)?ABSOLUTE (__AltInterrupt59):DEFINED (__Interrupt59)?ABSOLUTE (__Interrupt59):ABSOLUTE (__DefaultInterrupt)
                  0x000000          0x4 LONG 0x0 DEFINED (__AltInterrupt60)?ABSOLUTE (__AltInterrupt60):DEFINED (__Interrupt60)?ABSOLUTE (__Interrupt60):ABSOLUTE (__DefaultInterrupt)
                  0x000000          0x4 LONG 0x0 DEFINED (__AltInterrupt61)?ABSOLUTE (__AltInterrupt61):DEFINED (__Interrupt61)?ABSOLUTE (__Interrupt61):ABSOLUTE (__DefaultInterrupt)
                  0x000000          0x4 LONG 0x0 DEFINED (__AltInterrupt62)?ABSOLUTE (__AltInterrupt62):DEFINED (__Interrupt62)?ABSOLUTE (__Interrupt62):ABSOLUTE (__DefaultInterrupt)
                  0x000000          0x4 LONG 0x0 DEFINED (__AltInterrupt63)?ABSOLUTE (__AltInterrupt63):DEFINED (__Interrupt63)?ABSOLUTE (__Interrupt63):ABSOLUTE (__DefaultInterrupt)
                  0x000000          0x4 LONG 0x0 DEFINED (__AltInterrupt64)?ABSOLUTE (__AltInterrupt64):DEFINED (__Interrupt64)?ABSOLUTE (__Interrupt64):ABSOLUTE (__DefaultInterrupt)
                  0x000000          0x4 LONG 0x0 DEFINED (__AltU1ErrInterrupt)?ABSOLUTE (__AltU1ErrInterrupt):DEFINED (__U1ErrInterrupt)?ABSOLUTE (__U1ErrInterrupt):ABSOLUTE (__DefaultInterrupt)
                  0x000000          0x4 LONG 0x0 DEFINED (__AltU2ErrInterrupt)?ABSOLUTE (__AltU2ErrInterrupt):DEFINED (__U2ErrInterrupt)?ABSOLUTE (__U2ErrInterrupt):ABSOLUTE (__DefaultInterrupt)
                  0x000000          0x4 LONG 0x0 DEFINED (__AltInterrupt67)?ABSOLUTE (__AltInterrupt67):DEFINED (__Interrupt67)?ABSOLUTE (__Interrupt67):ABSOLUTE (__DefaultInterrupt)
                  0x000000          0x4 LONG 0x0 DEFINED (__AltInterrupt68)?ABSOLUTE (__AltInterrupt68):DEFINED (__Interrupt68)?ABSOLUTE (__Interrupt68):ABSOLUTE (__DefaultInterrupt)
                  0x000000          0x4 LONG 0x0 DEFINED (__AltInterrupt69)?ABSOLUTE (__AltInterrupt69):DEFINED (__Interrupt69)?ABSOLUTE (__Interrupt69):ABSOLUTE (__DefaultInterrupt)
                  0x000000          0x4 LONG 0x0 DEFINED (__AltC1TXInterrupt)?ABSOLUTE (__AltC1TXInterrupt):DEFINED (__C1TXInterrupt)?ABSOLUTE (__C1TXInterrupt):ABSOLUTE (__DefaultInterrupt)
                  0x000000          0x4 LONG 0x0 DEFINED (__AltInterrupt71)?ABSOLUTE (__AltInterrupt71):DEFINED (__Interrupt71)?ABSOLUTE (__Interrupt71):ABSOLUTE (__DefaultInterrupt)
                  0x000000          0x4 LONG 0x0 DEFINED (__AltInterrupt72)?ABSOLUTE (__AltInterrupt72):DEFINED (__Interrupt72)?ABSOLUTE (__Interrupt72):ABSOLUTE (__DefaultInterrupt)
                  0x000000          0x4 LONG 0x0 DEFINED (__AltInterrupt73)?ABSOLUTE (__AltInterrupt73):DEFINED (__Interrupt73)?ABSOLUTE (__Interrupt73):ABSOLUTE (__DefaultInterrupt)
                  0x000000          0x4 LONG 0x0 DEFINED (__AltInterrupt74)?ABSOLUTE (__AltInterrupt74):DEFINED (__Interrupt74)?ABSOLUTE (__Interrupt74):ABSOLUTE (__DefaultInterrupt)
                  0x000000          0x4 LONG 0x0 DEFINED (__AltInterrupt75)?ABSOLUTE (__AltInterrupt75):DEFINED (__Interrupt75)?ABSOLUTE (__Interrupt75):ABSOLUTE (__DefaultInterrupt)
                  0x000000          0x4 LONG 0x0 DEFINED (__AltInterrupt76)?ABSOLUTE (__AltInterrupt76):DEFINED (__Interrupt76)?ABSOLUTE (__Interrupt76):ABSOLUTE (__DefaultInterrupt)
                  0x000000          0x4 LONG 0x0 DEFINED (__AltCTMUInterrupt)?ABSOLUTE (__AltCTMUInterrupt):DEFINED (__CTMUInterrupt)?ABSOLUTE (__CTMUInterrupt):ABSOLUTE (__DefaultInterrupt)
                  0x000000          0x4 LONG 0x0 DEFINED (__AltInterrupt78)?ABSOLUTE (__AltInterrupt78):DEFINED (__Interrupt78)?ABSOLUTE (__Interrupt78):ABSOLUTE (__DefaultInterrupt)
                  0x000000          0x4 LONG 0x0 DEFINED (__AltInterrupt79)?ABSOLUTE (__AltInterrupt79):DEFINED (__Interrupt79)?ABSOLUTE (__Interrupt79):ABSOLUTE (__DefaultInterrupt)
                  0x000000          0x4 LONG 0x0 DEFINED (__AltInterrupt80)?ABSOLUTE (__AltInterrupt80):DEFINED (__Interrupt80)?ABSOLUTE (__Interrupt80):ABSOLUTE (__DefaultInterrupt)
                  0x000000          0x4 LONG 0x0 DEFINED (__AltInterrupt81)?ABSOLUTE (__AltInterrupt81):DEFINED (__Interrupt81)?ABSOLUTE (__Interrupt81):ABSOLUTE (__DefaultInterrupt)
                  0x000000          0x4 LONG 0x0 DEFINED (__AltInterrupt82)?ABSOLUTE (__AltInterrupt82):DEFINED (__Interrupt82)?ABSOLUTE (__Interrupt82):ABSOLUTE (__DefaultInterrupt)
                  0x000000          0x4 LONG 0x0 DEFINED (__AltInterrupt83)?ABSOLUTE (__AltInterrupt83):DEFINED (__Interrupt83)?ABSOLUTE (__Interrupt83):ABSOLUTE (__DefaultInterrupt)
                  0x000000          0x4 LONG 0x0 DEFINED (__AltInterrupt84)?ABSOLUTE (__AltInterrupt84):DEFINED (__Interrupt84)?ABSOLUTE (__Interrupt84):ABSOLUTE (__DefaultInterrupt)
                  0x000000          0x4 LONG 0x0 DEFINED (__AltInterrupt85)?ABSOLUTE (__AltInterrupt85):DEFINED (__Interrupt85)?ABSOLUTE (__Interrupt85):ABSOLUTE (__DefaultInterrupt)
                  0x000000          0x4 LONG 0x0 DEFINED (__AltInterrupt86)?ABSOLUTE (__AltInterrupt86):DEFINED (__Interrupt86)?ABSOLUTE (__Interrupt86):ABSOLUTE (__DefaultInterrupt)
                  0x000000          0x4 LONG 0x0 DEFINED (__AltInterrupt87)?ABSOLUTE (__AltInterrupt87):DEFINED (__Interrupt87)?ABSOLUTE (__Interrupt87):ABSOLUTE (__DefaultInterrupt)
                  0x000000          0x4 LONG 0x0 DEFINED (__AltInterrupt88)?ABSOLUTE (__AltInterrupt88):DEFINED (__Interrupt88)?ABSOLUTE (__Interrupt88):ABSOLUTE (__DefaultInterrupt)
                  0x000000          0x4 LONG 0x0 DEFINED (__AltInterrupt89)?ABSOLUTE (__AltInterrupt89):DEFINED (__Interrupt89)?ABSOLUTE (__Interrupt89):ABSOLUTE (__DefaultInterrupt)
                  0x000000          0x4 LONG 0x0 DEFINED (__AltInterrupt90)?ABSOLUTE (__AltInterrupt90):DEFINED (__Interrupt90)?ABSOLUTE (__Interrupt90):ABSOLUTE (__DefaultInterrupt)
                  0x000000          0x4 LONG 0x0 DEFINED (__AltInterrupt91)?ABSOLUTE (__AltInterrupt91):DEFINED (__Interrupt91)?ABSOLUTE (__Interrupt91):ABSOLUTE (__DefaultInterrupt)
                  0x000000          0x4 LONG 0x0 DEFINED (__AltInterrupt92)?ABSOLUTE (__AltInterrupt92):DEFINED (__Interrupt92)?ABSOLUTE (__Interrupt92):ABSOLUTE (__DefaultInterrupt)
                  0x000000          0x4 LONG 0x0 DEFINED (__AltInterrupt93)?ABSOLUTE (__AltInterrupt93):DEFINED (__Interrupt93)?ABSOLUTE (__Interrupt93):ABSOLUTE (__DefaultInterrupt)
                  0x000000          0x4 LONG 0x0 DEFINED (__AltPWM1Interrupt)?ABSOLUTE (__AltPWM1Interrupt):DEFINED (__PWM1Interrupt)?ABSOLUTE (__PWM1Interrupt):ABSOLUTE (__DefaultInterrupt)
                  0x000000          0x4 LONG 0x0 DEFINED (__AltPWM2Interrupt)?ABSOLUTE (__AltPWM2Interrupt):DEFINED (__PWM2Interrupt)?ABSOLUTE (__PWM2Interrupt):ABSOLUTE (__DefaultInterrupt)
                  0x000000          0x4 LONG 0x0 DEFINED (__AltPWM3Interrupt)?ABSOLUTE (__AltPWM3Interrupt):DEFINED (__PWM3Interrupt)?ABSOLUTE (__PWM3Interrupt):ABSOLUTE (__DefaultInterrupt)
                  0x000000          0x4 LONG 0x0 DEFINED (__AltInterrupt97)?ABSOLUTE (__AltInterrupt97):DEFINED (__Interrupt97)?ABSOLUTE (__Interrupt97):ABSOLUTE (__DefaultInterrupt)
                  0x000000          0x4 LONG 0x0 DEFINED (__AltInterrupt98)?ABSOLUTE (__AltInterrupt98):DEFINED (__Interrupt98)?ABSOLUTE (__Interrupt98):ABSOLUTE (__DefaultInterrupt)
                  0x000000          0x4 LONG 0x0 DEFINED (__AltInterrupt99)?ABSOLUTE (__AltInterrupt99):DEFINED (__Interrupt99)?ABSOLUTE (__Interrupt99):ABSOLUTE (__DefaultInterrupt)
                  0x000000          0x4 LONG 0x0 DEFINED (__AltInterrupt100)?ABSOLUTE (__AltInterrupt100):DEFINED (__Interrupt100)?ABSOLUTE (__Interrupt100):ABSOLUTE (__DefaultInterrupt)
                  0x000000          0x4 LONG 0x0 DEFINED (__AltInterrupt101)?ABSOLUTE (__AltInterrupt101):DEFINED (__Interrupt101)?ABSOLUTE (__Interrupt101):ABSOLUTE (__DefaultInterrupt)
                  0x000000          0x4 LONG 0x0 DEFINED (__AltInterrupt102)?ABSOLUTE (__AltInterrupt102):DEFINED (__Interrupt102)?ABSOLUTE (__Interrupt102):ABSOLUTE (__DefaultInterrupt)
                  0x000000          0x4 LONG 0x0 DEFINED (__AltInterrupt103)?ABSOLUTE (__AltInterrupt103):DEFINED (__Interrupt103)?ABSOLUTE (__Interrupt103):ABSOLUTE (__DefaultInterrupt)
                  0x000000          0x4 LONG 0x0 DEFINED (__AltInterrupt104)?ABSOLUTE (__AltInterrupt104):DEFINED (__Interrupt104)?ABSOLUTE (__Interrupt104):ABSOLUTE (__DefaultInterrupt)
                  0x000000          0x4 LONG 0x0 DEFINED (__AltInterrupt105)?ABSOLUTE (__AltInterrupt105):DEFINED (__Interrupt105)?ABSOLUTE (__Interrupt105):ABSOLUTE (__DefaultInterrupt)
                  0x000000          0x4 LONG 0x0 DEFINED (__AltInterrupt106)?ABSOLUTE (__AltInterrupt106):DEFINED (__Interrupt106)?ABSOLUTE (__Interrupt106):ABSOLUTE (__DefaultInterrupt)
                  0x000000          0x4 LONG 0x0 DEFINED (__AltInterrupt107)?ABSOLUTE (__AltInterrupt107):DEFINED (__Interrupt107)?ABSOLUTE (__Interrupt107):ABSOLUTE (__DefaultInterrupt)
                  0x000000          0x4 LONG 0x0 DEFINED (__AltInterrupt108)?ABSOLUTE (__AltInterrupt108):DEFINED (__Interrupt108)?ABSOLUTE (__Interrupt108):ABSOLUTE (__DefaultInterrupt)
                  0x000000          0x4 LONG 0x0 DEFINED (__AltInterrupt109)?ABSOLUTE (__AltInterrupt109):DEFINED (__Interrupt109)?ABSOLUTE (__Interrupt109):ABSOLUTE (__DefaultInterrupt)
                  0x000000          0x4 LONG 0x0 DEFINED (__AltInterrupt110)?ABSOLUTE (__AltInterrupt110):DEFINED (__Interrupt110)?ABSOLUTE (__Interrupt110):ABSOLUTE (__DefaultInterrupt)
                  0x000000          0x4 LONG 0x0 DEFINED (__AltInterrupt111)?ABSOLUTE (__AltInterrupt111):DEFINED (__Interrupt111)?ABSOLUTE (__Interrupt111):ABSOLUTE (__DefaultInterrupt)
                  0x000000          0x4 LONG 0x0 DEFINED (__AltInterrupt112)?ABSOLUTE (__AltInterrupt112):DEFINED (__Interrupt112)?ABSOLUTE (__Interrupt112):ABSOLUTE (__DefaultInterrupt)
                  0x000000          0x4 LONG 0x0 DEFINED (__AltInterrupt113)?ABSOLUTE (__AltInterrupt113):DEFINED (__Interrupt113)?ABSOLUTE (__Interrupt113):ABSOLUTE (__DefaultInterrupt)
                  0x000000          0x4 LONG 0x0 DEFINED (__AltInterrupt114)?ABSOLUTE (__AltInterrupt114):DEFINED (__Interrupt114)?ABSOLUTE (__Interrupt114):ABSOLUTE (__DefaultInterrupt)
                  0x000000          0x4 LONG 0x0 DEFINED (__AltInterrupt115)?ABSOLUTE (__AltInterrupt115):DEFINED (__Interrupt115)?ABSOLUTE (__Interrupt115):ABSOLUTE (__DefaultInterrupt)
                  0x000000          0x4 LONG 0x0 DEFINED (__AltInterrupt116)?ABSOLUTE (__AltInterrupt116):DEFINED (__Interrupt116)?ABSOLUTE (__Interrupt116):ABSOLUTE (__DefaultInterrupt)
                  0x000000          0x4 LONG 0x0 DEFINED (__AltInterrupt117)?ABSOLUTE (__AltInterrupt117):DEFINED (__Interrupt117)?ABSOLUTE (__Interrupt117):ABSOLUTE (__DefaultInterrupt)
                  0x000000          0x4 LONG 0x0 DEFINED (__AltInterrupt118)?ABSOLUTE (__AltInterrupt118):DEFINED (__Interrupt118)?ABSOLUTE (__Interrupt118):ABSOLUTE (__DefaultInterrupt)
                  0x000000          0x4 LONG 0x0 DEFINED (__AltInterrupt119)?ABSOLUTE (__AltInterrupt119):DEFINED (__Interrupt119)?ABSOLUTE (__Interrupt119):ABSOLUTE (__DefaultInterrupt)
                  0x000000          0x4 LONG 0x0 DEFINED (__AltInterrupt120)?ABSOLUTE (__AltInterrupt120):DEFINED (__Interrupt120)?ABSOLUTE (__Interrupt120):ABSOLUTE (__DefaultInterrupt)
                  0x000000          0x4 LONG 0x0 DEFINED (__AltInterrupt121)?ABSOLUTE (__AltInterrupt121):DEFINED (__Interrupt121)?ABSOLUTE (__Interrupt121):ABSOLUTE (__DefaultInterrupt)
                  0x000000          0x4 LONG 0x0 DEFINED (__AltInterrupt122)?ABSOLUTE (__AltInterrupt122):DEFINED (__Interrupt122)?ABSOLUTE (__Interrupt122):ABSOLUTE (__DefaultInterrupt)
                  0x000000          0x4 LONG 0x0 DEFINED (__AltInterrupt123)?ABSOLUTE (__AltInterrupt123):DEFINED (__Interrupt123)?ABSOLUTE (__Interrupt123):ABSOLUTE (__DefaultInterrupt)
                  0x000000          0x4 LONG 0x0 DEFINED (__AltInterrupt124)?ABSOLUTE (__AltInterrupt124):DEFINED (__Interrupt124)?ABSOLUTE (__Interrupt124):ABSOLUTE (__DefaultInterrupt)
                  0x000000          0x4 LONG 0x0 DEFINED (__AltInterrupt125)?ABSOLUTE (__AltInterrupt125):DEFINED (__Interrupt125)?ABSOLUTE (__Interrupt125):ABSOLUTE (__DefaultInterrupt)
                  0x000000          0x4 LONG 0x0 DEFINED (__AltInterrupt126)?ABSOLUTE (__AltInterrupt126):DEFINED (__Interrupt126)?ABSOLUTE (__Interrupt126):ABSOLUTE (__DefaultInterrupt)
                  0x000000          0x4 LONG 0x0 DEFINED (__AltInterrupt127)?ABSOLUTE (__AltInterrupt127):DEFINED (__Interrupt127)?ABSOLUTE (__Interrupt127):ABSOLUTE (__DefaultInterrupt)
                  0x000000          0x4 LONG 0x0 DEFINED (__AltInterrupt128)?ABSOLUTE (__AltInterrupt128):DEFINED (__Interrupt128)?ABSOLUTE (__Interrupt128):ABSOLUTE (__DefaultInterrupt)
                  0x000000          0x4 LONG 0x0 DEFINED (__AltInterrupt129)?ABSOLUTE (__AltInterrupt129):DEFINED (__Interrupt129)?ABSOLUTE (__Interrupt129):ABSOLUTE (__DefaultInterrupt)
                  0x000000          0x4 LONG 0x0 DEFINED (__AltInterrupt130)?ABSOLUTE (__AltInterrupt130):DEFINED (__Interrupt130)?ABSOLUTE (__Interrupt130):ABSOLUTE (__DefaultInterrupt)
                  0x000000          0x4 LONG 0x0 DEFINED (__AltInterrupt131)?ABSOLUTE (__AltInterrupt131):DEFINED (__Interrupt131)?ABSOLUTE (__Interrupt131):ABSOLUTE (__DefaultInterrupt)
                  0x000000          0x4 LONG 0x0 DEFINED (__AltInterrupt132)?ABSOLUTE (__AltInterrupt132):DEFINED (__Interrupt132)?ABSOLUTE (__Interrupt132):ABSOLUTE (__DefaultInterrupt)
                  0x000000          0x4 LONG 0x0 DEFINED (__AltInterrupt133)?ABSOLUTE (__AltInterrupt133):DEFINED (__Interrupt133)?ABSOLUTE (__Interrupt133):ABSOLUTE (__DefaultInterrupt)
                  0x000000          0x4 LONG 0x0 DEFINED (__AltInterrupt134)?ABSOLUTE (__AltInterrupt134):DEFINED (__Interrupt134)?ABSOLUTE (__Interrupt134):ABSOLUTE (__DefaultInterrupt)
                  0x000000          0x4 LONG 0x0 DEFINED (__AltInterrupt135)?ABSOLUTE (__AltInterrupt135):DEFINED (__Interrupt135)?ABSOLUTE (__Interrupt135):ABSOLUTE (__DefaultInterrupt)
                  0x000000          0x4 LONG 0x0 DEFINED (__AltInterrupt136)?ABSOLUTE (__AltInterrupt136):DEFINED (__Interrupt136)?ABSOLUTE (__Interrupt136):ABSOLUTE (__DefaultInterrupt)
                  0x000000          0x4 LONG 0x0 DEFINED (__AltInterrupt137)?ABSOLUTE (__AltInterrupt137):DEFINED (__Interrupt137)?ABSOLUTE (__Interrupt137):ABSOLUTE (__DefaultInterrupt)
                  0x000000          0x4 LONG 0x0 DEFINED (__AltInterrupt138)?ABSOLUTE (__AltInterrupt138):DEFINED (__Interrupt138)?ABSOLUTE (__Interrupt138):ABSOLUTE (__DefaultInterrupt)
                  0x000000          0x4 LONG 0x0 DEFINED (__AltInterrupt139)?ABSOLUTE (__AltInterrupt139):DEFINED (__Interrupt139)?ABSOLUTE (__Interrupt139):ABSOLUTE (__DefaultInterrupt)
                  0x000000          0x4 LONG 0x0 DEFINED (__AltInterrupt140)?ABSOLUTE (__AltInterrupt140):DEFINED (__Interrupt140)?ABSOLUTE (__Interrupt140):ABSOLUTE (__DefaultInterrupt)
                  0x000000          0x4 LONG 0x0 DEFINED (__AltInterrupt141)?ABSOLUTE (__AltInterrupt141):DEFINED (__Interrupt141)?ABSOLUTE (__Interrupt141):ABSOLUTE (__DefaultInterrupt)
                  0x000000          0x4 LONG 0x0 DEFINED (__AltICDInterrupt)?ABSOLUTE (__AltICDInterrupt):DEFINED (__ICDInterrupt)?ABSOLUTE (__ICDInterrupt):ABSOLUTE (__DefaultInterrupt)
                  0x000000          0x4 LONG 0x0 DEFINED (__AltInterrupt143)?ABSOLUTE (__AltInterrupt143):DEFINED (__Interrupt143)?ABSOLUTE (__Interrupt143):ABSOLUTE (__DefaultInterrupt)
                  0x000000          0x4 LONG 0x0 DEFINED (__AltInterrupt144)?ABSOLUTE (__AltInterrupt144):DEFINED (__Interrupt144)?ABSOLUTE (__Interrupt144):ABSOLUTE (__DefaultInterrupt)
                  0x000000          0x4 LONG 0x0 DEFINED (__AltInterrupt145)?ABSOLUTE (__AltInterrupt145):DEFINED (__Interrupt145)?ABSOLUTE (__Interrupt145):ABSOLUTE (__DefaultInterrupt)
                  0x000000          0x4 LONG 0x0 DEFINED (__AltInterrupt146)?ABSOLUTE (__AltInterrupt146):DEFINED (__Interrupt146)?ABSOLUTE (__Interrupt146):ABSOLUTE (__DefaultInterrupt)
                  0x000000          0x4 LONG 0x0 DEFINED (__AltInterrupt147)?ABSOLUTE (__AltInterrupt147):DEFINED (__Interrupt147)?ABSOLUTE (__Interrupt147):ABSOLUTE (__DefaultInterrupt)
                  0x000000          0x4 LONG 0x0 DEFINED (__AltInterrupt148)?ABSOLUTE (__AltInterrupt148):DEFINED (__Interrupt148)?ABSOLUTE (__Interrupt148):ABSOLUTE (__DefaultInterrupt)
                  0x000000          0x4 LONG 0x0 DEFINED (__AltInterrupt149)?ABSOLUTE (__AltInterrupt149):DEFINED (__Interrupt149)?ABSOLUTE (__Interrupt149):ABSOLUTE (__DefaultInterrupt)
                  0x000000          0x4 LONG 0x0 DEFINED (__AltInterrupt150)?ABSOLUTE (__AltInterrupt150):DEFINED (__Interrupt150)?ABSOLUTE (__Interrupt150):ABSOLUTE (__DefaultInterrupt)
                  0x000000          0x4 LONG 0x0 DEFINED (__AltInterrupt151)?ABSOLUTE (__AltInterrupt151):DEFINED (__Interrupt151)?ABSOLUTE (__Interrupt151):ABSOLUTE (__DefaultInterrupt)
                  0x000000          0x4 LONG 0x0 DEFINED (__AltInterrupt152)?ABSOLUTE (__AltInterrupt152):DEFINED (__Interrupt152)?ABSOLUTE (__Interrupt152):ABSOLUTE (__DefaultInterrupt)
                  0x000000          0x4 LONG 0x0 DEFINED (__AltInterrupt153)?ABSOLUTE (__AltInterrupt153):DEFINED (__Interrupt153)?ABSOLUTE (__Interrupt153):ABSOLUTE (__DefaultInterrupt)
                  0x000000          0x4 LONG 0x0 DEFINED (__AltInterrupt154)?ABSOLUTE (__AltInterrupt154):DEFINED (__Interrupt154)?ABSOLUTE (__Interrupt154):ABSOLUTE (__DefaultInterrupt)
                  0x000000          0x4 LONG 0x0 DEFINED (__AltInterrupt155)?ABSOLUTE (__AltInterrupt155):DEFINED (__Interrupt155)?ABSOLUTE (__Interrupt155):ABSOLUTE (__DefaultInterrupt)
                  0x000000          0x4 LONG 0x0 DEFINED (__AltInterrupt156)?ABSOLUTE (__AltInterrupt156):DEFINED (__Interrupt156)?ABSOLUTE (__Interrupt156):ABSOLUTE (__DefaultInterrupt)
                  0x000000          0x4 LONG 0x0 DEFINED (__AltInterrupt157)?ABSOLUTE (__AltInterrupt157):DEFINED (__Interrupt157)?ABSOLUTE (__Interrupt157):ABSOLUTE (__DefaultInterrupt)
                  0x000000          0x4 LONG 0x0 DEFINED (__AltInterrupt158)?ABSOLUTE (__AltInterrupt158):DEFINED (__Interrupt158)?ABSOLUTE (__Interrupt158):ABSOLUTE (__DefaultInterrupt)
                  0x000000          0x4 LONG 0x0 DEFINED (__AltInterrupt159)?ABSOLUTE (__AltInterrupt159):DEFINED (__Interrupt159)?ABSOLUTE (__Interrupt159):ABSOLUTE (__DefaultInterrupt)
                  0x000000          0x4 LONG 0x0 DEFINED (__AltInterrupt160)?ABSOLUTE (__AltInterrupt160):DEFINED (__Interrupt160)?ABSOLUTE (__Interrupt160):ABSOLUTE (__DefaultInterrupt)
                  0x000000          0x4 LONG 0x0 DEFINED (__AltInterrupt161)?ABSOLUTE (__AltInterrupt161):DEFINED (__Interrupt161)?ABSOLUTE (__Interrupt161):ABSOLUTE (__DefaultInterrupt)
                  0x000000          0x4 LONG 0x0 DEFINED (__AltInterrupt162)?ABSOLUTE (__AltInterrupt162):DEFINED (__Interrupt162)?ABSOLUTE (__Interrupt162):ABSOLUTE (__DefaultInterrupt)
                  0x000000          0x4 LONG 0x0 DEFINED (__AltInterrupt163)?ABSOLUTE (__AltInterrupt163):DEFINED (__Interrupt163)?ABSOLUTE (__Interrupt163):ABSOLUTE (__DefaultInterrupt)
                  0x000000          0x4 LONG 0x0 DEFINED (__AltInterrupt164)?ABSOLUTE (__AltInterrupt164):DEFINED (__Interrupt164)?ABSOLUTE (__Interrupt164):ABSOLUTE (__DefaultInterrupt)
                  0x000000          0x4 LONG 0x0 DEFINED (__AltInterrupt165)?ABSOLUTE (__AltInterrupt165):DEFINED (__Interrupt165)?ABSOLUTE (__Interrupt165):ABSOLUTE (__DefaultInterrupt)
                  0x000000          0x4 LONG 0x0 DEFINED (__AltInterrupt166)?ABSOLUTE (__AltInterrupt166):DEFINED (__Interrupt166)?ABSOLUTE (__Interrupt166):ABSOLUTE (__DefaultInterrupt)
                  0x000000          0x4 LONG 0x0 DEFINED (__AltInterrupt167)?ABSOLUTE (__AltInterrupt167):DEFINED (__Interrupt167)?ABSOLUTE (__Interrupt167):ABSOLUTE (__DefaultInterrupt)
                  0x000000          0x4 LONG 0x0 DEFINED (__AltInterrupt168)?ABSOLUTE (__AltInterrupt168):DEFINED (__Interrupt168)?ABSOLUTE (__Interrupt168):ABSOLUTE (__DefaultInterrupt)
                  0x000000          0x4 LONG 0x0 DEFINED (__AltInterrupt169)?ABSOLUTE (__AltInterrupt169):DEFINED (__Interrupt169)?ABSOLUTE (__Interrupt169):ABSOLUTE (__DefaultInterrupt)
                  0x000000          0x4 LONG 0x0 DEFINED (__AltInterrupt170)?ABSOLUTE (__AltInterrupt170):DEFINED (__Interrupt170)?ABSOLUTE (__Interrupt170):ABSOLUTE (__DefaultInterrupt)
                  0x000000          0x4 LONG 0x0 DEFINED (__AltInterrupt171)?ABSOLUTE (__AltInterrupt171):DEFINED (__Interrupt171)?ABSOLUTE (__Interrupt171):ABSOLUTE (__DefaultInterrupt)
                  0x000000          0x4 LONG 0x0 DEFINED (__AltInterrupt172)?ABSOLUTE (__AltInterrupt172):DEFINED (__Interrupt172)?ABSOLUTE (__Interrupt172):ABSOLUTE (__DefaultInterrupt)
                  0x000000          0x4 LONG 0x0 DEFINED (__AltI2C1Interrupt)?ABSOLUTE (__AltI2C1Interrupt):DEFINED (__I2C1Interrupt)?ABSOLUTE (__I2C1Interrupt):ABSOLUTE (__DefaultInterrupt)
                  0x000000          0x4 LONG 0x0 DEFINED (__AltInterrupt174)?ABSOLUTE (__AltInterrupt174):DEFINED (__Interrupt174)?ABSOLUTE (__Interrupt174):ABSOLUTE (__DefaultInterrupt)
                  0x000000          0x4 LONG 0x0 DEFINED (__AltInterrupt175)?ABSOLUTE (__AltInterrupt175):DEFINED (__Interrupt175)?ABSOLUTE (__Interrupt175):ABSOLUTE (__DefaultInterrupt)
                  0x000000          0x4 LONG 0x0 DEFINED (__AltInterrupt176)?ABSOLUTE (__AltInterrupt176):DEFINED (__Interrupt176)?ABSOLUTE (__Interrupt176):ABSOLUTE (__DefaultInterrupt)
                  0x000000          0x4 LONG 0x0 DEFINED (__AltInterrupt177)?ABSOLUTE (__AltInterrupt177):DEFINED (__Interrupt177)?ABSOLUTE (__Interrupt177):ABSOLUTE (__DefaultInterrupt)
                  0x000000          0x4 LONG 0x0 DEFINED (__AltInterrupt178)?ABSOLUTE (__AltInterrupt178):DEFINED (__Interrupt178)?ABSOLUTE (__Interrupt178):ABSOLUTE (__DefaultInterrupt)
                  0x000000          0x4 LONG 0x0 DEFINED (__AltInterrupt179)?ABSOLUTE (__AltInterrupt179):DEFINED (__Interrupt179)?ABSOLUTE (__Interrupt179):ABSOLUTE (__DefaultInterrupt)
                  0x000000          0x4 LONG 0x0 DEFINED (__AltInterrupt180)?ABSOLUTE (__AltInterrupt180):DEFINED (__Interrupt180)?ABSOLUTE (__Interrupt180):ABSOLUTE (__DefaultInterrupt)
                  0x000000          0x4 LONG 0x0 DEFINED (__AltInterrupt181)?ABSOLUTE (__AltInterrupt181):DEFINED (__Interrupt181)?ABSOLUTE (__Interrupt181):ABSOLUTE (__DefaultInterrupt)
                  0x000000          0x4 LONG 0x0 DEFINED (__AltSENT1ERRInterrupt)?ABSOLUTE (__AltSENT1ERRInterrupt):DEFINED (__SENT1ERRInterrupt)?ABSOLUTE (__SENT1ERRInterrupt):ABSOLUTE (__DefaultInterrupt)
                  0x000000          0x4 LONG 0x0 DEFINED (__AltSENT1Interrupt)?ABSOLUTE (__AltSENT1Interrupt):DEFINED (__SENT1Interrupt)?ABSOLUTE (__SENT1Interrupt):ABSOLUTE (__DefaultInterrupt)
                  0x000000          0x4 LONG 0x0 DEFINED (__AltSENT2ERRInterrupt)?ABSOLUTE (__AltSENT2ERRInterrupt):DEFINED (__SENT2ERRInterrupt)?ABSOLUTE (__SENT2ERRInterrupt):ABSOLUTE (__DefaultInterrupt)
                  0x000000          0x4 LONG 0x0 DEFINED (__AltSENT2Interrupt)?ABSOLUTE (__AltSENT2Interrupt):DEFINED (__SENT2Interrupt)?ABSOLUTE (__SENT2Interrupt):ABSOLUTE (__DefaultInterrupt)
                  0x000000          0x4 LONG 0x0 DEFINED (__AltECCSBEInterrupt)?ABSOLUTE (__AltECCSBEInterrupt):DEFINED (__ECCSBEInterrupt)?ABSOLUTE (__ECCSBEInterrupt):ABSOLUTE (__DefaultInterrupt)
                    0x0000                  WREG0 = 0x0
                    0x0000                  _WREG0 = 0x0
                    0x0002                  WREG1 = 0x2
                    0x0002                  _WREG1 = 0x2
                    0x0004                  WREG2 = 0x4
                    0x0004                  _WREG2 = 0x4
                    0x0006                  WREG3 = 0x6
                    0x0006                  _WREG3 = 0x6
                    0x0008                  WREG4 = 0x8
                    0x0008                  _WREG4 = 0x8
                    0x000a                  WREG5 = 0xa
                    0x000a                  _WREG5 = 0xa
                    0x000c                  WREG6 = 0xc
                    0x000c                  _WREG6 = 0xc
                    0x000e                  WREG7 = 0xe
                    0x000e                  _WREG7 = 0xe
                    0x0010                  WREG8 = 0x10
                    0x0010                  _WREG8 = 0x10
                    0x0012                  WREG9 = 0x12
                    0x0012                  _WREG9 = 0x12
                    0x0014                  WREG10 = 0x14
                    0x0014                  _WREG10 = 0x14
                    0x0016                  WREG11 = 0x16
                    0x0016                  _WREG11 = 0x16
                    0x0018                  WREG12 = 0x18
                    0x0018                  _WREG12 = 0x18
                    0x001a                  WREG13 = 0x1a
                    0x001a                  _WREG13 = 0x1a
                    0x001c                  WREG14 = 0x1c
                    0x001c                  _WREG14 = 0x1c
                    0x001e                  WREG15 = 0x1e
                    0x001e                  _WREG15 = 0x1e
                    0x0020                  SPLIM = 0x20
                    0x0020                  _SPLIM = 0x20
                    0x0022                  ACCAL = 0x22
                    0x0022                  _ACCAL = 0x22
                    0x0024                  ACCAH = 0x24
                    0x0024                  _ACCAH = 0x24
                    0x0026                  ACCAU = 0x26
                    0x0026                  _ACCAU = 0x26
                    0x0028                  ACCBL = 0x28
                    0x0028                  _ACCBL = 0x28
                    0x002a                  ACCBH = 0x2a
                    0x002a                  _ACCBH = 0x2a
                    0x002c                  ACCBU = 0x2c
                    0x002c                  _ACCBU = 0x2c
                    0x002e                  PCL = 0x2e
                    0x002e                  _PCL = 0x2e
                    0x0030                  PCH = 0x30
                    0x0030                  _PCH = 0x30
                    0x0032                  DSRPAG = 0x32
                    0x0032                  _DSRPAG = 0x32
                    0x0032                  _DSRPAGbits = 0x32
                    0x0034                  DSWPAG = 0x34
                    0x0034                  _DSWPAG = 0x34
                    0x0034                  _DSWPAGbits = 0x34
                    0x0036                  RCOUNT = 0x36
                    0x0036                  _RCOUNT = 0x36
                    0x0038                  DCOUNT = 0x38
                    0x0038                  _DCOUNT = 0x38
                    0x003a                  DOSTARTL = 0x3a
                    0x003a                  _DOSTARTL = 0x3a
                    0x003c                  DOSTARTH = 0x3c
                    0x003c                  _DOSTARTH = 0x3c
                    0x003e                  DOENDL = 0x3e
                    0x003e                  _DOENDL = 0x3e
                    0x0040                  DOENDH = 0x40
                    0x0040                  _DOENDH = 0x40
                    0x0042                  SR = 0x42
                    0x0042                  _SR = 0x42
                    0x0042                  _SRbits = 0x42
                    0x0044                  CORCON = 0x44
                    0x0044                  _CORCON = 0x44
                    0x0044                  _CORCONbits = 0x44
                    0x0046                  MODCON = 0x46
                    0x0046                  _MODCON = 0x46
                    0x0046                  _MODCONbits = 0x46
                    0x0048                  XMODSRT = 0x48
                    0x0048                  _XMODSRT = 0x48
                    0x004a                  XMODEND = 0x4a
                    0x004a                  _XMODEND = 0x4a
                    0x004c                  YMODSRT = 0x4c
                    0x004c                  _YMODSRT = 0x4c
                    0x004e                  YMODEND = 0x4e
                    0x004e                  _YMODEND = 0x4e
                    0x0050                  XBREV = 0x50
                    0x0050                  _XBREV = 0x50
                    0x0050                  _XBREVbits = 0x50
                    0x0052                  DISICNT = 0x52
                    0x0052                  _DISICNT = 0x52
                    0x0054                  TBLPAG = 0x54
                    0x0054                  _TBLPAG = 0x54
                    0x0054                  _TBLPAGbits = 0x54
                    0x0058                  MSTRPR = 0x58
                    0x0058                  _MSTRPR = 0x58
                    0x005a                  CTXTSTAT = 0x5a
                    0x005a                  _CTXTSTAT = 0x5a
                    0x005a                  _CTXTSTATbits = 0x5a
                    0x0100                  TMR1 = 0x100
                    0x0100                  _TMR1 = 0x100
                    0x0102                  PR1 = 0x102
                    0x0102                  _PR1 = 0x102
                    0x0104                  T1CON = 0x104
                    0x0104                  _T1CON = 0x104
                    0x0104                  _T1CONbits = 0x104
                    0x0106                  TMR2 = 0x106
                    0x0106                  _TMR2 = 0x106
                    0x0108                  TMR3HLD = 0x108
                    0x0108                  _TMR3HLD = 0x108
                    0x010a                  TMR3 = 0x10a
                    0x010a                  _TMR3 = 0x10a
                    0x010c                  PR2 = 0x10c
                    0x010c                  _PR2 = 0x10c
                    0x010e                  PR3 = 0x10e
                    0x010e                  _PR3 = 0x10e
                    0x0110                  T2CON = 0x110
                    0x0110                  _T2CON = 0x110
                    0x0110                  _T2CONbits = 0x110
                    0x0112                  T3CON = 0x112
                    0x0112                  _T3CON = 0x112
                    0x0112                  _T3CONbits = 0x112
                    0x0114                  TMR4 = 0x114
                    0x0114                  _TMR4 = 0x114
                    0x0116                  TMR5HLD = 0x116
                    0x0116                  _TMR5HLD = 0x116
                    0x0118                  TMR5 = 0x118
                    0x0118                  _TMR5 = 0x118
                    0x011a                  PR4 = 0x11a
                    0x011a                  _PR4 = 0x11a
                    0x011c                  PR5 = 0x11c
                    0x011c                  _PR5 = 0x11c
                    0x011e                  T4CON = 0x11e
                    0x011e                  _T4CON = 0x11e
                    0x011e                  _T4CONbits = 0x11e
                    0x0120                  T5CON = 0x120
                    0x0120                  _T5CON = 0x120
                    0x0120                  _T5CONbits = 0x120
                    0x0140                  IC1CON1 = 0x140
                    0x0140                  _IC1CON1 = 0x140
                    0x0140                  _IC1CON1bits = 0x140
                    0x0142                  IC1CON2 = 0x142
                    0x0142                  _IC1CON2 = 0x142
                    0x0142                  _IC1CON2bits = 0x142
                    0x0144                  IC1BUF = 0x144
                    0x0144                  _IC1BUF = 0x144
                    0x0146                  IC1TMR = 0x146
                    0x0146                  _IC1TMR = 0x146
                    0x0148                  IC2CON1 = 0x148
                    0x0148                  _IC2CON1 = 0x148
                    0x0148                  _IC2CON1bits = 0x148
                    0x014a                  IC2CON2 = 0x14a
                    0x014a                  _IC2CON2 = 0x14a
                    0x014a                  _IC2CON2bits = 0x14a
                    0x014c                  IC2BUF = 0x14c
                    0x014c                  _IC2BUF = 0x14c
                    0x014e                  IC2TMR = 0x14e
                    0x014e                  _IC2TMR = 0x14e
                    0x0150                  IC3CON1 = 0x150
                    0x0150                  _IC3CON1 = 0x150
                    0x0150                  _IC3CON1bits = 0x150
                    0x0152                  IC3CON2 = 0x152
                    0x0152                  _IC3CON2 = 0x152
                    0x0152                  _IC3CON2bits = 0x152
                    0x0154                  IC3BUF = 0x154
                    0x0154                  _IC3BUF = 0x154
                    0x0156                  IC3TMR = 0x156
                    0x0156                  _IC3TMR = 0x156
                    0x0158                  IC4CON1 = 0x158
                    0x0158                  _IC4CON1 = 0x158
                    0x0158                  _IC4CON1bits = 0x158
                    0x015a                  IC4CON2 = 0x15a
                    0x015a                  _IC4CON2 = 0x15a
                    0x015a                  _IC4CON2bits = 0x15a
                    0x015c                  IC4BUF = 0x15c
                    0x015c                  _IC4BUF = 0x15c
                    0x015e                  IC4TMR = 0x15e
                    0x015e                  _IC4TMR = 0x15e
                    0x0200                  I2C1CON1 = 0x200
                    0x0200                  _I2C1CON1 = 0x200
                    0x0200                  _I2C1CON1bits = 0x200
                    0x0200                  I2C1CONL = 0x200
                    0x0200                  _I2C1CONL = 0x200
                    0x0200                  _I2C1CONLbits = 0x200
                    0x0202                  I2C1CON2 = 0x202
                    0x0202                  _I2C1CON2 = 0x202
                    0x0202                  _I2C1CON2bits = 0x202
                    0x0202                  I2C1CONH = 0x202
                    0x0202                  _I2C1CONH = 0x202
                    0x0202                  _I2C1CONHbits = 0x202
                    0x0204                  I2C1STAT = 0x204
                    0x0204                  _I2C1STAT = 0x204
                    0x0204                  _I2C1STATbits = 0x204
                    0x0206                  I2C1ADD = 0x206
                    0x0206                  _I2C1ADD = 0x206
                    0x0206                  _I2C1ADDbits = 0x206
                    0x0208                  I2C1MSK = 0x208
                    0x0208                  _I2C1MSK = 0x208
                    0x0208                  _I2C1MSKbits = 0x208
                    0x020a                  I2C1BRG = 0x20a
                    0x020a                  _I2C1BRG = 0x20a
                    0x020c                  I2C1TRN = 0x20c
                    0x020c                  _I2C1TRN = 0x20c
                    0x020c                  _I2C1TRNbits = 0x20c
                    0x020e                  I2C1RCV = 0x20e
                    0x020e                  _I2C1RCV = 0x20e
                    0x020e                  _I2C1RCVbits = 0x20e
                    0x0220                  U1MODE = 0x220
                    0x0220                  _U1MODE = 0x220
                    0x0220                  _U1MODEbits = 0x220
                    0x0222                  U1STA = 0x222
                    0x0222                  _U1STA = 0x222
                    0x0222                  _U1STAbits = 0x222
                    0x0224                  U1TXREG = 0x224
                    0x0224                  _U1TXREG = 0x224
                    0x0226                  U1RXREG = 0x226
                    0x0226                  _U1RXREG = 0x226
                    0x0228                  U1BRG = 0x228
                    0x0228                  _U1BRG = 0x228
                    0x0230                  U2MODE = 0x230
                    0x0230                  _U2MODE = 0x230
                    0x0230                  _U2MODEbits = 0x230
                    0x0232                  U2STA = 0x232
                    0x0232                  _U2STA = 0x232
                    0x0232                  _U2STAbits = 0x232
                    0x0234                  U2TXREG = 0x234
                    0x0234                  _U2TXREG = 0x234
                    0x0236                  U2RXREG = 0x236
                    0x0236                  _U2RXREG = 0x236
                    0x0238                  U2BRG = 0x238
                    0x0238                  _U2BRG = 0x238
                    0x0240                  SPI1STAT = 0x240
                    0x0240                  _SPI1STAT = 0x240
                    0x0240                  _SPI1STATbits = 0x240
                    0x0242                  SPI1CON1 = 0x242
                    0x0242                  _SPI1CON1 = 0x242
                    0x0242                  _SPI1CON1bits = 0x242
                    0x0244                  SPI1CON2 = 0x244
                    0x0244                  _SPI1CON2 = 0x244
                    0x0244                  _SPI1CON2bits = 0x244
                    0x0248                  SPI1BUF = 0x248
                    0x0248                  _SPI1BUF = 0x248
                    0x0260                  SPI2STAT = 0x260
                    0x0260                  _SPI2STAT = 0x260
                    0x0260                  _SPI2STATbits = 0x260
                    0x0262                  SPI2CON1 = 0x262
                    0x0262                  _SPI2CON1 = 0x262
                    0x0262                  _SPI2CON1bits = 0x262
                    0x0264                  SPI2CON2 = 0x264
                    0x0264                  _SPI2CON2 = 0x264
                    0x0264                  _SPI2CON2bits = 0x264
                    0x0268                  SPI2BUF = 0x268
                    0x0268                  _SPI2BUF = 0x268
                    0x0300                  ADC1BUF0 = 0x300
                    0x0300                  _ADC1BUF0 = 0x300
                    0x0302                  ADC1BUF1 = 0x302
                    0x0302                  _ADC1BUF1 = 0x302
                    0x0304                  ADC1BUF2 = 0x304
                    0x0304                  _ADC1BUF2 = 0x304
                    0x0306                  ADC1BUF3 = 0x306
                    0x0306                  _ADC1BUF3 = 0x306
                    0x0308                  ADC1BUF4 = 0x308
                    0x0308                  _ADC1BUF4 = 0x308
                    0x030a                  ADC1BUF5 = 0x30a
                    0x030a                  _ADC1BUF5 = 0x30a
                    0x030c                  ADC1BUF6 = 0x30c
                    0x030c                  _ADC1BUF6 = 0x30c
                    0x030e                  ADC1BUF7 = 0x30e
                    0x030e                  _ADC1BUF7 = 0x30e
                    0x0310                  ADC1BUF8 = 0x310
                    0x0310                  _ADC1BUF8 = 0x310
                    0x0312                  ADC1BUF9 = 0x312
                    0x0312                  _ADC1BUF9 = 0x312
                    0x0314                  ADC1BUFA = 0x314
                    0x0314                  _ADC1BUFA = 0x314
                    0x0316                  ADC1BUFB = 0x316
                    0x0316                  _ADC1BUFB = 0x316
                    0x0318                  ADC1BUFC = 0x318
                    0x0318                  _ADC1BUFC = 0x318
                    0x031a                  ADC1BUFD = 0x31a
                    0x031a                  _ADC1BUFD = 0x31a
                    0x031c                  ADC1BUFE = 0x31c
                    0x031c                  _ADC1BUFE = 0x31c
                    0x031e                  ADC1BUFF = 0x31e
                    0x031e                  _ADC1BUFF = 0x31e
                    0x0320                  AD1CON1 = 0x320
                    0x0320                  _AD1CON1 = 0x320
                    0x0320                  _AD1CON1bits = 0x320
                    0x0322                  AD1CON2 = 0x322
                    0x0322                  _AD1CON2 = 0x322
                    0x0322                  _AD1CON2bits = 0x322
                    0x0324                  AD1CON3 = 0x324
                    0x0324                  _AD1CON3 = 0x324
                    0x0324                  _AD1CON3bits = 0x324
                    0x0326                  AD1CHS123 = 0x326
                    0x0326                  _AD1CHS123 = 0x326
                    0x0326                  _AD1CHS123bits = 0x326
                    0x0328                  AD1CHS0 = 0x328
                    0x0328                  _AD1CHS0 = 0x328
                    0x0328                  _AD1CHS0bits = 0x328
                    0x032e                  AD1CSSH = 0x32e
                    0x032e                  _AD1CSSH = 0x32e
                    0x032e                  _AD1CSSHbits = 0x32e
                    0x0330                  AD1CSSL = 0x330
                    0x0330                  _AD1CSSL = 0x330
                    0x0330                  _AD1CSSLbits = 0x330
                    0x0332                  AD1CON4 = 0x332
                    0x0332                  _AD1CON4 = 0x332
                    0x0332                  _AD1CON4bits = 0x332
                    0x033a                  CTMUCON1 = 0x33a
                    0x033a                  _CTMUCON1 = 0x33a
                    0x033a                  _CTMUCON1bits = 0x33a
                    0x033c                  CTMUCON2 = 0x33c
                    0x033c                  _CTMUCON2 = 0x33c
                    0x033c                  _CTMUCON2bits = 0x33c
                    0x033e                  CTMUICON = 0x33e
                    0x033e                  _CTMUICON = 0x33e
                    0x033e                  _CTMUICONbits = 0x33e
                    0x0400                  C1CTRL1 = 0x400
                    0x0400                  _C1CTRL1 = 0x400
                    0x0400                  _C1CTRL1bits = 0x400
                    0x0402                  C1CTRL2 = 0x402
                    0x0402                  _C1CTRL2 = 0x402
                    0x0402                  _C1CTRL2bits = 0x402
                    0x0404                  C1VEC = 0x404
                    0x0404                  _C1VEC = 0x404
                    0x0404                  _C1VECbits = 0x404
                    0x0406                  C1FCTRL = 0x406
                    0x0406                  _C1FCTRL = 0x406
                    0x0406                  _C1FCTRLbits = 0x406
                    0x0408                  C1FIFO = 0x408
                    0x0408                  _C1FIFO = 0x408
                    0x0408                  _C1FIFObits = 0x408
                    0x040a                  C1INTF = 0x40a
                    0x040a                  _C1INTF = 0x40a
                    0x040a                  _C1INTFbits = 0x40a
                    0x040c                  C1INTE = 0x40c
                    0x040c                  _C1INTE = 0x40c
                    0x040c                  _C1INTEbits = 0x40c
                    0x040e                  C1EC = 0x40e
                    0x040e                  _C1EC = 0x40e
                    0x040e                  _C1ECbits = 0x40e
                    0x040e                  C1RERRCNT = 0x40e
                    0x040e                  _C1RERRCNT = 0x40e
                    0x040f                  C1TERRCNT = 0x40f
                    0x040f                  _C1TERRCNT = 0x40f
                    0x0410                  C1CFG1 = 0x410
                    0x0410                  _C1CFG1 = 0x410
                    0x0410                  _C1CFG1bits = 0x410
                    0x0412                  C1CFG2 = 0x412
                    0x0412                  _C1CFG2 = 0x412
                    0x0412                  _C1CFG2bits = 0x412
                    0x0414                  C1FEN1 = 0x414
                    0x0414                  _C1FEN1 = 0x414
                    0x0414                  _C1FEN1bits = 0x414
                    0x0418                  C1FMSKSEL1 = 0x418
                    0x0418                  _C1FMSKSEL1 = 0x418
                    0x0418                  _C1FMSKSEL1bits = 0x418
                    0x041a                  C1FMSKSEL2 = 0x41a
                    0x041a                  _C1FMSKSEL2 = 0x41a
                    0x041a                  _C1FMSKSEL2bits = 0x41a
                    0x0420                  C1BUFPNT1 = 0x420
                    0x0420                  _C1BUFPNT1 = 0x420
                    0x0420                  _C1BUFPNT1bits = 0x420
                    0x0420                  C1RXFUL1 = 0x420
                    0x0420                  _C1RXFUL1 = 0x420
                    0x0420                  _C1RXFUL1bits = 0x420
                    0x0422                  C1BUFPNT2 = 0x422
                    0x0422                  _C1BUFPNT2 = 0x422
                    0x0422                  _C1BUFPNT2bits = 0x422
                    0x0422                  C1RXFUL2 = 0x422
                    0x0422                  _C1RXFUL2 = 0x422
                    0x0422                  _C1RXFUL2bits = 0x422
                    0x0424                  C1BUFPNT3 = 0x424
                    0x0424                  _C1BUFPNT3 = 0x424
                    0x0424                  _C1BUFPNT3bits = 0x424
                    0x0426                  C1BUFPNT4 = 0x426
                    0x0426                  _C1BUFPNT4 = 0x426
                    0x0426                  _C1BUFPNT4bits = 0x426
                    0x0428                  C1RXOVF1 = 0x428
                    0x0428                  _C1RXOVF1 = 0x428
                    0x0428                  _C1RXOVF1bits = 0x428
                    0x042a                  C1RXOVF2 = 0x42a
                    0x042a                  _C1RXOVF2 = 0x42a
                    0x042a                  _C1RXOVF2bits = 0x42a
                    0x0430                  C1RXM0SID = 0x430
                    0x0430                  _C1RXM0SID = 0x430
                    0x0430                  _C1RXM0SIDbits = 0x430
                    0x0430                  C1TR01CON = 0x430
                    0x0430                  _C1TR01CON = 0x430
                    0x0430                  _C1TR01CONbits = 0x430
                    0x0432                  C1RXM0EID = 0x432
                    0x0432                  _C1RXM0EID = 0x432
                    0x0432                  _C1RXM0EIDbits = 0x432
                    0x0432                  C1TR23CON = 0x432
                    0x0432                  _C1TR23CON = 0x432
                    0x0432                  _C1TR23CONbits = 0x432
                    0x0434                  C1RXM1SID = 0x434
                    0x0434                  _C1RXM1SID = 0x434
                    0x0434                  _C1RXM1SIDbits = 0x434
                    0x0434                  C1TR45CON = 0x434
                    0x0434                  _C1TR45CON = 0x434
                    0x0434                  _C1TR45CONbits = 0x434
                    0x0436                  C1RXM1EID = 0x436
                    0x0436                  _C1RXM1EID = 0x436
                    0x0436                  _C1RXM1EIDbits = 0x436
                    0x0436                  C1TR67CON = 0x436
                    0x0436                  _C1TR67CON = 0x436
                    0x0436                  _C1TR67CONbits = 0x436
                    0x0438                  C1RXM2SID = 0x438
                    0x0438                  _C1RXM2SID = 0x438
                    0x0438                  _C1RXM2SIDbits = 0x438
                    0x043a                  C1RXM2EID = 0x43a
                    0x043a                  _C1RXM2EID = 0x43a
                    0x043a                  _C1RXM2EIDbits = 0x43a
                    0x0440                  C1RXD = 0x440
                    0x0440                  _C1RXD = 0x440
                    0x0440                  C1RXF0SID = 0x440
                    0x0440                  _C1RXF0SID = 0x440
                    0x0440                  _C1RXF0SIDbits = 0x440
                    0x0442                  C1RXF0EID = 0x442